[0.142s] colcon DEBUG Command line arguments: ['/home/irman/micromamba/envs/ros2_env/bin/colcon', 'build', '--packages-select', 'g1_controller']
[0.142s] colcon DEBUG Parsed command line arguments: Namespace(log_base=None, log_level=None, verb_name='build', build_base='build', install_base='install', merge_install=False, symlink_install=False, test_result_base=None, continue_on_error=False, executor='parallel', parallel_workers=16, event_handlers=None, ignore_user_meta=False, metas=['./colcon.meta'], base_paths=['.'], packages_ignore=None, packages_ignore_regex=None, paths=None, packages_up_to=None, packages_up_to_regex=None, packages_above=None, packages_above_and_dependencies=None, packages_above_depth=None, packages_select_by_dep=None, packages_skip_by_dep=None, packages_skip_up_to=None, packages_select_build_failed=False, packages_skip_build_finished=False, packages_select_test_failures=False, packages_skip_test_passed=False, packages_select=['g1_controller'], packages_skip=None, packages_select_regex=None, packages_skip_regex=None, packages_start=None, packages_end=None, cmake_args=None, cmake_target=None, cmake_target_skip_unavailable=False, cmake_clean_cache=False, cmake_clean_first=False, cmake_force_configure=False, ament_cmake_args=None, catkin_cmake_args=None, catkin_skip_building_tests=False, verb_parser=<colcon_defaults.argument_parser.defaults.DefaultArgumentsDecorator object at 0x7e6617475cd0>, verb_extension=<colcon_core.verb.build.BuildVerb object at 0x7e6617474f10>, main=<bound method BuildVerb.main of <colcon_core.verb.build.BuildVerb object at 0x7e6617474f10>>)
[0.191s] colcon.colcon_core.package_discovery Level 1 discover_packages(colcon_meta) check parameters
[0.192s] colcon.colcon_core.package_discovery Level 1 discover_packages(recursive) check parameters
[0.192s] colcon.colcon_core.package_discovery Level 1 discover_packages(ignore) check parameters
[0.192s] colcon.colcon_core.package_discovery Level 1 discover_packages(path) check parameters
[0.192s] colcon.colcon_core.package_discovery Level 1 discover_packages(colcon_meta) discover
[0.192s] colcon.colcon_core.package_discovery Level 1 discover_packages(recursive) discover
[0.192s] colcon.colcon_core.package_discovery INFO Crawling recursively for packages in '/home/irman/Humanoid-VLA-Simulations'
[0.192s] colcon.colcon_core.package_identification Level 1 _identify(.) by extensions ['ignore', 'ignore_ament_install']
[0.192s] colcon.colcon_core.package_identification Level 1 _identify(.) by extension 'ignore'
[0.192s] colcon.colcon_core.package_identification Level 1 _identify(.) by extension 'ignore_ament_install'
[0.192s] colcon.colcon_core.package_identification Level 1 _identify(.) by extensions ['colcon_pkg']
[0.192s] colcon.colcon_core.package_identification Level 1 _identify(.) by extension 'colcon_pkg'
[0.192s] colcon.colcon_core.package_identification Level 1 _identify(.) by extensions ['colcon_meta']
[0.192s] colcon.colcon_core.package_identification Level 1 _identify(.) by extension 'colcon_meta'
[0.192s] colcon.colcon_core.package_identification Level 1 _identify(.) by extensions ['ros']
[0.192s] colcon.colcon_core.package_identification Level 1 _identify(.) by extension 'ros'
[0.218s] colcon.colcon_core.package_identification Level 1 _identify(.) by extensions ['cmake', 'python']
[0.218s] colcon.colcon_core.package_identification Level 1 _identify(.) by extension 'cmake'
[0.218s] colcon.colcon_core.package_identification Level 1 _identify(.) by extension 'python'
[0.218s] colcon.colcon_core.package_identification Level 1 _identify(.) by extensions ['python_setup_py']
[0.218s] colcon.colcon_core.package_identification Level 1 _identify(.) by extension 'python_setup_py'
[0.218s] colcon.colcon_core.package_identification Level 1 _identify(build) by extensions ['ignore', 'ignore_ament_install']
[0.218s] colcon.colcon_core.package_identification Level 1 _identify(build) by extension 'ignore'
[0.218s] colcon.colcon_core.package_identification Level 1 _identify(build) ignored
[0.219s] colcon.colcon_core.package_identification Level 1 _identify(install) by extensions ['ignore', 'ignore_ament_install']
[0.219s] colcon.colcon_core.package_identification Level 1 _identify(install) by extension 'ignore'
[0.219s] colcon.colcon_core.package_identification Level 1 _identify(install) ignored
[0.219s] colcon.colcon_core.package_identification Level 1 _identify(log) by extensions ['ignore', 'ignore_ament_install']
[0.219s] colcon.colcon_core.package_identification Level 1 _identify(log) by extension 'ignore'
[0.219s] colcon.colcon_core.package_identification Level 1 _identify(log) ignored
[0.219s] colcon.colcon_core.package_identification Level 1 _identify(src) by extensions ['ignore', 'ignore_ament_install']
[0.219s] colcon.colcon_core.package_identification Level 1 _identify(src) by extension 'ignore'
[0.219s] colcon.colcon_core.package_identification Level 1 _identify(src) by extension 'ignore_ament_install'
[0.219s] colcon.colcon_core.package_identification Level 1 _identify(src) by extensions ['colcon_pkg']
[0.219s] colcon.colcon_core.package_identification Level 1 _identify(src) by extension 'colcon_pkg'
[0.219s] colcon.colcon_core.package_identification Level 1 _identify(src) by extensions ['colcon_meta']
[0.219s] colcon.colcon_core.package_identification Level 1 _identify(src) by extension 'colcon_meta'
[0.219s] colcon.colcon_core.package_identification Level 1 _identify(src) by extensions ['ros']
[0.219s] colcon.colcon_core.package_identification Level 1 _identify(src) by extension 'ros'
[0.219s] colcon.colcon_core.package_identification Level 1 _identify(src) by extensions ['cmake', 'python']
[0.219s] colcon.colcon_core.package_identification Level 1 _identify(src) by extension 'cmake'
[0.219s] colcon.colcon_core.package_identification Level 1 _identify(src) by extension 'python'
[0.219s] colcon.colcon_core.package_identification Level 1 _identify(src) by extensions ['python_setup_py']
[0.219s] colcon.colcon_core.package_identification Level 1 _identify(src) by extension 'python_setup_py'
[0.219s] colcon.colcon_core.package_identification Level 1 _identify(src/g1_controller) by extensions ['ignore', 'ignore_ament_install']
[0.220s] colcon.colcon_core.package_identification Level 1 _identify(src/g1_controller) by extension 'ignore'
[0.220s] colcon.colcon_core.package_identification Level 1 _identify(src/g1_controller) by extension 'ignore_ament_install'
[0.220s] colcon.colcon_core.package_identification Level 1 _identify(src/g1_controller) by extensions ['colcon_pkg']
[0.220s] colcon.colcon_core.package_identification Level 1 _identify(src/g1_controller) by extension 'colcon_pkg'
[0.220s] colcon.colcon_core.package_identification Level 1 _identify(src/g1_controller) by extensions ['colcon_meta']
[0.220s] colcon.colcon_core.package_identification Level 1 _identify(src/g1_controller) by extension 'colcon_meta'
[0.220s] colcon.colcon_core.package_identification Level 1 _identify(src/g1_controller) by extensions ['ros']
[0.220s] colcon.colcon_core.package_identification Level 1 _identify(src/g1_controller) by extension 'ros'
[0.226s] colcon.colcon_core.package_identification DEBUG Package 'src/g1_controller' with type 'ros.ament_cmake' and name 'g1_controller'
[0.226s] colcon.colcon_core.package_identification Level 1 _identify(src/g1_gazebo_sim) by extensions ['ignore', 'ignore_ament_install']
[0.226s] colcon.colcon_core.package_identification Level 1 _identify(src/g1_gazebo_sim) by extension 'ignore'
[0.226s] colcon.colcon_core.package_identification Level 1 _identify(src/g1_gazebo_sim) by extension 'ignore_ament_install'
[0.226s] colcon.colcon_core.package_identification Level 1 _identify(src/g1_gazebo_sim) by extensions ['colcon_pkg']
[0.226s] colcon.colcon_core.package_identification Level 1 _identify(src/g1_gazebo_sim) by extension 'colcon_pkg'
[0.226s] colcon.colcon_core.package_identification Level 1 _identify(src/g1_gazebo_sim) by extensions ['colcon_meta']
[0.226s] colcon.colcon_core.package_identification Level 1 _identify(src/g1_gazebo_sim) by extension 'colcon_meta'
[0.226s] colcon.colcon_core.package_identification Level 1 _identify(src/g1_gazebo_sim) by extensions ['ros']
[0.226s] colcon.colcon_core.package_identification Level 1 _identify(src/g1_gazebo_sim) by extension 'ros'
[0.227s] colcon.colcon_core.package_identification DEBUG Package 'src/g1_gazebo_sim' with type 'ros.ament_cmake' and name 'g1_gazebo_sim'
[0.227s] colcon.colcon_core.package_identification Level 1 _identify(src/g1_package) by extensions ['ignore', 'ignore_ament_install']
[0.227s] colcon.colcon_core.package_identification Level 1 _identify(src/g1_package) by extension 'ignore'
[0.227s] colcon.colcon_core.package_identification Level 1 _identify(src/g1_package) by extension 'ignore_ament_install'
[0.227s] colcon.colcon_core.package_identification Level 1 _identify(src/g1_package) by extensions ['colcon_pkg']
[0.227s] colcon.colcon_core.package_identification Level 1 _identify(src/g1_package) by extension 'colcon_pkg'
[0.228s] colcon.colcon_core.package_identification Level 1 _identify(src/g1_package) by extensions ['colcon_meta']
[0.228s] colcon.colcon_core.package_identification Level 1 _identify(src/g1_package) by extension 'colcon_meta'
[0.228s] colcon.colcon_core.package_identification Level 1 _identify(src/g1_package) by extensions ['ros']
[0.228s] colcon.colcon_core.package_identification Level 1 _identify(src/g1_package) by extension 'ros'
[0.228s] colcon.colcon_core.package_identification DEBUG Package 'src/g1_package' with type 'ros.ament_cmake' and name 'g1_package'
[0.228s] colcon.colcon_core.package_identification Level 1 _identify(src/ros2_control) by extensions ['ignore', 'ignore_ament_install']
[0.228s] colcon.colcon_core.package_identification Level 1 _identify(src/ros2_control) by extension 'ignore'
[0.228s] colcon.colcon_core.package_identification Level 1 _identify(src/ros2_control) by extension 'ignore_ament_install'
[0.228s] colcon.colcon_core.package_identification Level 1 _identify(src/ros2_control) by extensions ['colcon_pkg']
[0.228s] colcon.colcon_core.package_identification Level 1 _identify(src/ros2_control) by extension 'colcon_pkg'
[0.228s] colcon.colcon_core.package_identification Level 1 _identify(src/ros2_control) by extensions ['colcon_meta']
[0.228s] colcon.colcon_core.package_identification Level 1 _identify(src/ros2_control) by extension 'colcon_meta'
[0.228s] colcon.colcon_core.package_identification Level 1 _identify(src/ros2_control) by extensions ['ros']
[0.228s] colcon.colcon_core.package_identification Level 1 _identify(src/ros2_control) by extension 'ros'
[0.229s] colcon.colcon_core.package_identification Level 1 _identify(src/ros2_control) by extensions ['cmake', 'python']
[0.229s] colcon.colcon_core.package_identification Level 1 _identify(src/ros2_control) by extension 'cmake'
[0.229s] colcon.colcon_core.package_identification Level 1 _identify(src/ros2_control) by extension 'python'
[0.229s] colcon.colcon_core.package_identification Level 1 _identify(src/ros2_control) by extensions ['python_setup_py']
[0.229s] colcon.colcon_core.package_identification Level 1 _identify(src/ros2_control) by extension 'python_setup_py'
[0.229s] colcon.colcon_core.package_identification Level 1 _identify(src/ros2_control/controller_interface) by extensions ['ignore', 'ignore_ament_install']
[0.229s] colcon.colcon_core.package_identification Level 1 _identify(src/ros2_control/controller_interface) by extension 'ignore'
[0.229s] colcon.colcon_core.package_identification Level 1 _identify(src/ros2_control/controller_interface) by extension 'ignore_ament_install'
[0.229s] colcon.colcon_core.package_identification Level 1 _identify(src/ros2_control/controller_interface) by extensions ['colcon_pkg']
[0.229s] colcon.colcon_core.package_identification Level 1 _identify(src/ros2_control/controller_interface) by extension 'colcon_pkg'
[0.229s] colcon.colcon_core.package_identification Level 1 _identify(src/ros2_control/controller_interface) by extensions ['colcon_meta']
[0.229s] colcon.colcon_core.package_identification Level 1 _identify(src/ros2_control/controller_interface) by extension 'colcon_meta'
[0.229s] colcon.colcon_core.package_identification Level 1 _identify(src/ros2_control/controller_interface) by extensions ['ros']
[0.229s] colcon.colcon_core.package_identification Level 1 _identify(src/ros2_control/controller_interface) by extension 'ros'
[0.230s] colcon.colcon_core.package_identification DEBUG Package 'src/ros2_control/controller_interface' with type 'ros.ament_cmake' and name 'controller_interface'
[0.230s] colcon.colcon_core.package_identification Level 1 _identify(src/ros2_control/controller_manager) by extensions ['ignore', 'ignore_ament_install']
[0.230s] colcon.colcon_core.package_identification Level 1 _identify(src/ros2_control/controller_manager) by extension 'ignore'
[0.230s] colcon.colcon_core.package_identification Level 1 _identify(src/ros2_control/controller_manager) by extension 'ignore_ament_install'
[0.230s] colcon.colcon_core.package_identification Level 1 _identify(src/ros2_control/controller_manager) by extensions ['colcon_pkg']
[0.230s] colcon.colcon_core.package_identification Level 1 _identify(src/ros2_control/controller_manager) by extension 'colcon_pkg'
[0.230s] colcon.colcon_core.package_identification Level 1 _identify(src/ros2_control/controller_manager) by extensions ['colcon_meta']
[0.230s] colcon.colcon_core.package_identification Level 1 _identify(src/ros2_control/controller_manager) by extension 'colcon_meta'
[0.230s] colcon.colcon_core.package_identification Level 1 _identify(src/ros2_control/controller_manager) by extensions ['ros']
[0.230s] colcon.colcon_core.package_identification Level 1 _identify(src/ros2_control/controller_manager) by extension 'ros'
[0.231s] colcon.colcon_core.package_identification DEBUG Package 'src/ros2_control/controller_manager' with type 'ros.ament_cmake' and name 'controller_manager'
[0.231s] colcon.colcon_core.package_identification Level 1 _identify(src/ros2_control/controller_manager_msgs) by extensions ['ignore', 'ignore_ament_install']
[0.231s] colcon.colcon_core.package_identification Level 1 _identify(src/ros2_control/controller_manager_msgs) by extension 'ignore'
[0.231s] colcon.colcon_core.package_identification Level 1 _identify(src/ros2_control/controller_manager_msgs) by extension 'ignore_ament_install'
[0.231s] colcon.colcon_core.package_identification Level 1 _identify(src/ros2_control/controller_manager_msgs) by extensions ['colcon_pkg']
[0.231s] colcon.colcon_core.package_identification Level 1 _identify(src/ros2_control/controller_manager_msgs) by extension 'colcon_pkg'
[0.231s] colcon.colcon_core.package_identification Level 1 _identify(src/ros2_control/controller_manager_msgs) by extensions ['colcon_meta']
[0.231s] colcon.colcon_core.package_identification Level 1 _identify(src/ros2_control/controller_manager_msgs) by extension 'colcon_meta'
[0.231s] colcon.colcon_core.package_identification Level 1 _identify(src/ros2_control/controller_manager_msgs) by extensions ['ros']
[0.231s] colcon.colcon_core.package_identification Level 1 _identify(src/ros2_control/controller_manager_msgs) by extension 'ros'
[0.232s] colcon.colcon_core.package_identification DEBUG Package 'src/ros2_control/controller_manager_msgs' with type 'ros.ament_cmake' and name 'controller_manager_msgs'
[0.232s] colcon.colcon_core.package_identification Level 1 _identify(src/ros2_control/doc) by extensions ['ignore', 'ignore_ament_install']
[0.232s] colcon.colcon_core.package_identification Level 1 _identify(src/ros2_control/doc) by extension 'ignore'
[0.232s] colcon.colcon_core.package_identification Level 1 _identify(src/ros2_control/doc) by extension 'ignore_ament_install'
[0.232s] colcon.colcon_core.package_identification Level 1 _identify(src/ros2_control/doc) by extensions ['colcon_pkg']
[0.232s] colcon.colcon_core.package_identification Level 1 _identify(src/ros2_control/doc) by extension 'colcon_pkg'
[0.232s] colcon.colcon_core.package_identification Level 1 _identify(src/ros2_control/doc) by extensions ['colcon_meta']
[0.232s] colcon.colcon_core.package_identification Level 1 _identify(src/ros2_control/doc) by extension 'colcon_meta'
[0.232s] colcon.colcon_core.package_identification Level 1 _identify(src/ros2_control/doc) by extensions ['ros']
[0.232s] colcon.colcon_core.package_identification Level 1 _identify(src/ros2_control/doc) by extension 'ros'
[0.232s] colcon.colcon_core.package_identification Level 1 _identify(src/ros2_control/doc) by extensions ['cmake', 'python']
[0.232s] colcon.colcon_core.package_identification Level 1 _identify(src/ros2_control/doc) by extension 'cmake'
[0.232s] colcon.colcon_core.package_identification Level 1 _identify(src/ros2_control/doc) by extension 'python'
[0.232s] colcon.colcon_core.package_identification Level 1 _identify(src/ros2_control/doc) by extensions ['python_setup_py']
[0.232s] colcon.colcon_core.package_identification Level 1 _identify(src/ros2_control/doc) by extension 'python_setup_py'
[0.233s] colcon.colcon_core.package_identification Level 1 _identify(src/ros2_control/hardware_interface) by extensions ['ignore', 'ignore_ament_install']
[0.233s] colcon.colcon_core.package_identification Level 1 _identify(src/ros2_control/hardware_interface) by extension 'ignore'
[0.233s] colcon.colcon_core.package_identification Level 1 _identify(src/ros2_control/hardware_interface) by extension 'ignore_ament_install'
[0.233s] colcon.colcon_core.package_identification Level 1 _identify(src/ros2_control/hardware_interface) by extensions ['colcon_pkg']
[0.233s] colcon.colcon_core.package_identification Level 1 _identify(src/ros2_control/hardware_interface) by extension 'colcon_pkg'
[0.233s] colcon.colcon_core.package_identification Level 1 _identify(src/ros2_control/hardware_interface) by extensions ['colcon_meta']
[0.233s] colcon.colcon_core.package_identification Level 1 _identify(src/ros2_control/hardware_interface) by extension 'colcon_meta'
[0.233s] colcon.colcon_core.package_identification Level 1 _identify(src/ros2_control/hardware_interface) by extensions ['ros']
[0.233s] colcon.colcon_core.package_identification Level 1 _identify(src/ros2_control/hardware_interface) by extension 'ros'
[0.234s] colcon.colcon_core.package_identification DEBUG Package 'src/ros2_control/hardware_interface' with type 'ros.ament_cmake' and name 'hardware_interface'
[0.234s] colcon.colcon_core.package_identification Level 1 _identify(src/ros2_control/hardware_interface_testing) by extensions ['ignore', 'ignore_ament_install']
[0.234s] colcon.colcon_core.package_identification Level 1 _identify(src/ros2_control/hardware_interface_testing) by extension 'ignore'
[0.234s] colcon.colcon_core.package_identification Level 1 _identify(src/ros2_control/hardware_interface_testing) by extension 'ignore_ament_install'
[0.234s] colcon.colcon_core.package_identification Level 1 _identify(src/ros2_control/hardware_interface_testing) by extensions ['colcon_pkg']
[0.234s] colcon.colcon_core.package_identification Level 1 _identify(src/ros2_control/hardware_interface_testing) by extension 'colcon_pkg'
[0.234s] colcon.colcon_core.package_identification Level 1 _identify(src/ros2_control/hardware_interface_testing) by extensions ['colcon_meta']
[0.234s] colcon.colcon_core.package_identification Level 1 _identify(src/ros2_control/hardware_interface_testing) by extension 'colcon_meta'
[0.234s] colcon.colcon_core.package_identification Level 1 _identify(src/ros2_control/hardware_interface_testing) by extensions ['ros']
[0.234s] colcon.colcon_core.package_identification Level 1 _identify(src/ros2_control/hardware_interface_testing) by extension 'ros'
[0.235s] colcon.colcon_core.package_identification DEBUG Package 'src/ros2_control/hardware_interface_testing' with type 'ros.ament_cmake' and name 'hardware_interface_testing'
[0.235s] colcon.colcon_core.package_identification Level 1 _identify(src/ros2_control/joint_limits) by extensions ['ignore', 'ignore_ament_install']
[0.235s] colcon.colcon_core.package_identification Level 1 _identify(src/ros2_control/joint_limits) by extension 'ignore'
[0.235s] colcon.colcon_core.package_identification Level 1 _identify(src/ros2_control/joint_limits) by extension 'ignore_ament_install'
[0.235s] colcon.colcon_core.package_identification Level 1 _identify(src/ros2_control/joint_limits) by extensions ['colcon_pkg']
[0.235s] colcon.colcon_core.package_identification Level 1 _identify(src/ros2_control/joint_limits) by extension 'colcon_pkg'
[0.235s] colcon.colcon_core.package_identification Level 1 _identify(src/ros2_control/joint_limits) by extensions ['colcon_meta']
[0.235s] colcon.colcon_core.package_identification Level 1 _identify(src/ros2_control/joint_limits) by extension 'colcon_meta'
[0.235s] colcon.colcon_core.package_identification Level 1 _identify(src/ros2_control/joint_limits) by extensions ['ros']
[0.235s] colcon.colcon_core.package_identification Level 1 _identify(src/ros2_control/joint_limits) by extension 'ros'
[0.235s] colcon.colcon_core.package_identification DEBUG Package 'src/ros2_control/joint_limits' with type 'ros.ament_cmake' and name 'joint_limits'
[0.235s] colcon.colcon_core.package_identification Level 1 _identify(src/ros2_control/joint_limits_interface) by extensions ['ignore', 'ignore_ament_install']
[0.236s] colcon.colcon_core.package_identification Level 1 _identify(src/ros2_control/joint_limits_interface) by extension 'ignore'
[0.236s] colcon.colcon_core.package_identification Level 1 _identify(src/ros2_control/joint_limits_interface) ignored
[0.236s] colcon.colcon_core.package_identification Level 1 _identify(src/ros2_control/ros2_control) by extensions ['ignore', 'ignore_ament_install']
[0.236s] colcon.colcon_core.package_identification Level 1 _identify(src/ros2_control/ros2_control) by extension 'ignore'
[0.236s] colcon.colcon_core.package_identification Level 1 _identify(src/ros2_control/ros2_control) by extension 'ignore_ament_install'
[0.236s] colcon.colcon_core.package_identification Level 1 _identify(src/ros2_control/ros2_control) by extensions ['colcon_pkg']
[0.236s] colcon.colcon_core.package_identification Level 1 _identify(src/ros2_control/ros2_control) by extension 'colcon_pkg'
[0.236s] colcon.colcon_core.package_identification Level 1 _identify(src/ros2_control/ros2_control) by extensions ['colcon_meta']
[0.236s] colcon.colcon_core.package_identification Level 1 _identify(src/ros2_control/ros2_control) by extension 'colcon_meta'
[0.236s] colcon.colcon_core.package_identification Level 1 _identify(src/ros2_control/ros2_control) by extensions ['ros']
[0.236s] colcon.colcon_core.package_identification Level 1 _identify(src/ros2_control/ros2_control) by extension 'ros'
[0.236s] colcon.colcon_core.package_identification DEBUG Package 'src/ros2_control/ros2_control' with type 'ros.ament_cmake' and name 'ros2_control'
[0.236s] colcon.colcon_core.package_identification Level 1 _identify(src/ros2_control/ros2_control_test_assets) by extensions ['ignore', 'ignore_ament_install']
[0.236s] colcon.colcon_core.package_identification Level 1 _identify(src/ros2_control/ros2_control_test_assets) by extension 'ignore'
[0.236s] colcon.colcon_core.package_identification Level 1 _identify(src/ros2_control/ros2_control_test_assets) by extension 'ignore_ament_install'
[0.236s] colcon.colcon_core.package_identification Level 1 _identify(src/ros2_control/ros2_control_test_assets) by extensions ['colcon_pkg']
[0.236s] colcon.colcon_core.package_identification Level 1 _identify(src/ros2_control/ros2_control_test_assets) by extension 'colcon_pkg'
[0.236s] colcon.colcon_core.package_identification Level 1 _identify(src/ros2_control/ros2_control_test_assets) by extensions ['colcon_meta']
[0.236s] colcon.colcon_core.package_identification Level 1 _identify(src/ros2_control/ros2_control_test_assets) by extension 'colcon_meta'
[0.236s] colcon.colcon_core.package_identification Level 1 _identify(src/ros2_control/ros2_control_test_assets) by extensions ['ros']
[0.237s] colcon.colcon_core.package_identification Level 1 _identify(src/ros2_control/ros2_control_test_assets) by extension 'ros'
[0.237s] colcon.colcon_core.package_identification DEBUG Package 'src/ros2_control/ros2_control_test_assets' with type 'ros.ament_cmake' and name 'ros2_control_test_assets'
[0.237s] colcon.colcon_core.package_identification Level 1 _identify(src/ros2_control/ros2controlcli) by extensions ['ignore', 'ignore_ament_install']
[0.237s] colcon.colcon_core.package_identification Level 1 _identify(src/ros2_control/ros2controlcli) by extension 'ignore'
[0.237s] colcon.colcon_core.package_identification Level 1 _identify(src/ros2_control/ros2controlcli) by extension 'ignore_ament_install'
[0.237s] colcon.colcon_core.package_identification Level 1 _identify(src/ros2_control/ros2controlcli) by extensions ['colcon_pkg']
[0.237s] colcon.colcon_core.package_identification Level 1 _identify(src/ros2_control/ros2controlcli) by extension 'colcon_pkg'
[0.237s] colcon.colcon_core.package_identification Level 1 _identify(src/ros2_control/ros2controlcli) by extensions ['colcon_meta']
[0.237s] colcon.colcon_core.package_identification Level 1 _identify(src/ros2_control/ros2controlcli) by extension 'colcon_meta'
[0.237s] colcon.colcon_core.package_identification Level 1 _identify(src/ros2_control/ros2controlcli) by extensions ['ros']
[0.237s] colcon.colcon_core.package_identification Level 1 _identify(src/ros2_control/ros2controlcli) by extension 'ros'
[0.238s] colcon.colcon_core.package_identification DEBUG Package 'src/ros2_control/ros2controlcli' with type 'ros.ament_python' and name 'ros2controlcli'
[0.238s] colcon.colcon_core.package_identification Level 1 _identify(src/ros2_control/rqt_controller_manager) by extensions ['ignore', 'ignore_ament_install']
[0.238s] colcon.colcon_core.package_identification Level 1 _identify(src/ros2_control/rqt_controller_manager) by extension 'ignore'
[0.238s] colcon.colcon_core.package_identification Level 1 _identify(src/ros2_control/rqt_controller_manager) by extension 'ignore_ament_install'
[0.238s] colcon.colcon_core.package_identification Level 1 _identify(src/ros2_control/rqt_controller_manager) by extensions ['colcon_pkg']
[0.238s] colcon.colcon_core.package_identification Level 1 _identify(src/ros2_control/rqt_controller_manager) by extension 'colcon_pkg'
[0.238s] colcon.colcon_core.package_identification Level 1 _identify(src/ros2_control/rqt_controller_manager) by extensions ['colcon_meta']
[0.238s] colcon.colcon_core.package_identification Level 1 _identify(src/ros2_control/rqt_controller_manager) by extension 'colcon_meta'
[0.238s] colcon.colcon_core.package_identification Level 1 _identify(src/ros2_control/rqt_controller_manager) by extensions ['ros']
[0.238s] colcon.colcon_core.package_identification Level 1 _identify(src/ros2_control/rqt_controller_manager) by extension 'ros'
[0.239s] colcon.colcon_core.package_identification DEBUG Package 'src/ros2_control/rqt_controller_manager' with type 'ros.ament_python' and name 'rqt_controller_manager'
[0.239s] colcon.colcon_core.package_identification Level 1 _identify(src/ros2_control/transmission_interface) by extensions ['ignore', 'ignore_ament_install']
[0.239s] colcon.colcon_core.package_identification Level 1 _identify(src/ros2_control/transmission_interface) by extension 'ignore'
[0.239s] colcon.colcon_core.package_identification Level 1 _identify(src/ros2_control/transmission_interface) by extension 'ignore_ament_install'
[0.239s] colcon.colcon_core.package_identification Level 1 _identify(src/ros2_control/transmission_interface) by extensions ['colcon_pkg']
[0.239s] colcon.colcon_core.package_identification Level 1 _identify(src/ros2_control/transmission_interface) by extension 'colcon_pkg'
[0.239s] colcon.colcon_core.package_identification Level 1 _identify(src/ros2_control/transmission_interface) by extensions ['colcon_meta']
[0.239s] colcon.colcon_core.package_identification Level 1 _identify(src/ros2_control/transmission_interface) by extension 'colcon_meta'
[0.239s] colcon.colcon_core.package_identification Level 1 _identify(src/ros2_control/transmission_interface) by extensions ['ros']
[0.239s] colcon.colcon_core.package_identification Level 1 _identify(src/ros2_control/transmission_interface) by extension 'ros'
[0.240s] colcon.colcon_core.package_identification DEBUG Package 'src/ros2_control/transmission_interface' with type 'ros.ament_cmake' and name 'transmission_interface'
[0.240s] colcon.colcon_core.package_identification Level 1 _identify(src/ros2_controllers) by extensions ['ignore', 'ignore_ament_install']
[0.240s] colcon.colcon_core.package_identification Level 1 _identify(src/ros2_controllers) by extension 'ignore'
[0.240s] colcon.colcon_core.package_identification Level 1 _identify(src/ros2_controllers) by extension 'ignore_ament_install'
[0.240s] colcon.colcon_core.package_identification Level 1 _identify(src/ros2_controllers) by extensions ['colcon_pkg']
[0.240s] colcon.colcon_core.package_identification Level 1 _identify(src/ros2_controllers) by extension 'colcon_pkg'
[0.240s] colcon.colcon_core.package_identification Level 1 _identify(src/ros2_controllers) by extensions ['colcon_meta']
[0.240s] colcon.colcon_core.package_identification Level 1 _identify(src/ros2_controllers) by extension 'colcon_meta'
[0.240s] colcon.colcon_core.package_identification Level 1 _identify(src/ros2_controllers) by extensions ['ros']
[0.240s] colcon.colcon_core.package_identification Level 1 _identify(src/ros2_controllers) by extension 'ros'
[0.240s] colcon.colcon_core.package_identification Level 1 _identify(src/ros2_controllers) by extensions ['cmake', 'python']
[0.240s] colcon.colcon_core.package_identification Level 1 _identify(src/ros2_controllers) by extension 'cmake'
[0.240s] colcon.colcon_core.package_identification Level 1 _identify(src/ros2_controllers) by extension 'python'
[0.240s] colcon.colcon_core.package_identification Level 1 _identify(src/ros2_controllers) by extensions ['python_setup_py']
[0.240s] colcon.colcon_core.package_identification Level 1 _identify(src/ros2_controllers) by extension 'python_setup_py'
[0.240s] colcon.colcon_core.package_identification Level 1 _identify(src/ros2_controllers/ackermann_steering_controller) by extensions ['ignore', 'ignore_ament_install']
[0.240s] colcon.colcon_core.package_identification Level 1 _identify(src/ros2_controllers/ackermann_steering_controller) by extension 'ignore'
[0.240s] colcon.colcon_core.package_identification Level 1 _identify(src/ros2_controllers/ackermann_steering_controller) by extension 'ignore_ament_install'
[0.240s] colcon.colcon_core.package_identification Level 1 _identify(src/ros2_controllers/ackermann_steering_controller) by extensions ['colcon_pkg']
[0.240s] colcon.colcon_core.package_identification Level 1 _identify(src/ros2_controllers/ackermann_steering_controller) by extension 'colcon_pkg'
[0.240s] colcon.colcon_core.package_identification Level 1 _identify(src/ros2_controllers/ackermann_steering_controller) by extensions ['colcon_meta']
[0.240s] colcon.colcon_core.package_identification Level 1 _identify(src/ros2_controllers/ackermann_steering_controller) by extension 'colcon_meta'
[0.240s] colcon.colcon_core.package_identification Level 1 _identify(src/ros2_controllers/ackermann_steering_controller) by extensions ['ros']
[0.240s] colcon.colcon_core.package_identification Level 1 _identify(src/ros2_controllers/ackermann_steering_controller) by extension 'ros'
[0.241s] colcon.colcon_core.package_identification DEBUG Package 'src/ros2_controllers/ackermann_steering_controller' with type 'ros.ament_cmake' and name 'ackermann_steering_controller'
[0.241s] colcon.colcon_core.package_identification Level 1 _identify(src/ros2_controllers/admittance_controller) by extensions ['ignore', 'ignore_ament_install']
[0.241s] colcon.colcon_core.package_identification Level 1 _identify(src/ros2_controllers/admittance_controller) by extension 'ignore'
[0.242s] colcon.colcon_core.package_identification Level 1 _identify(src/ros2_controllers/admittance_controller) by extension 'ignore_ament_install'
[0.242s] colcon.colcon_core.package_identification Level 1 _identify(src/ros2_controllers/admittance_controller) by extensions ['colcon_pkg']
[0.242s] colcon.colcon_core.package_identification Level 1 _identify(src/ros2_controllers/admittance_controller) by extension 'colcon_pkg'
[0.242s] colcon.colcon_core.package_identification Level 1 _identify(src/ros2_controllers/admittance_controller) by extensions ['colcon_meta']
[0.242s] colcon.colcon_core.package_identification Level 1 _identify(src/ros2_controllers/admittance_controller) by extension 'colcon_meta'
[0.242s] colcon.colcon_core.package_identification Level 1 _identify(src/ros2_controllers/admittance_controller) by extensions ['ros']
[0.242s] colcon.colcon_core.package_identification Level 1 _identify(src/ros2_controllers/admittance_controller) by extension 'ros'
[0.243s] colcon.colcon_core.package_identification DEBUG Package 'src/ros2_controllers/admittance_controller' with type 'ros.ament_cmake' and name 'admittance_controller'
[0.243s] colcon.colcon_core.package_identification Level 1 _identify(src/ros2_controllers/bicycle_steering_controller) by extensions ['ignore', 'ignore_ament_install']
[0.243s] colcon.colcon_core.package_identification Level 1 _identify(src/ros2_controllers/bicycle_steering_controller) by extension 'ignore'
[0.243s] colcon.colcon_core.package_identification Level 1 _identify(src/ros2_controllers/bicycle_steering_controller) by extension 'ignore_ament_install'
[0.243s] colcon.colcon_core.package_identification Level 1 _identify(src/ros2_controllers/bicycle_steering_controller) by extensions ['colcon_pkg']
[0.243s] colcon.colcon_core.package_identification Level 1 _identify(src/ros2_controllers/bicycle_steering_controller) by extension 'colcon_pkg'
[0.243s] colcon.colcon_core.package_identification Level 1 _identify(src/ros2_controllers/bicycle_steering_controller) by extensions ['colcon_meta']
[0.243s] colcon.colcon_core.package_identification Level 1 _identify(src/ros2_controllers/bicycle_steering_controller) by extension 'colcon_meta'
[0.243s] colcon.colcon_core.package_identification Level 1 _identify(src/ros2_controllers/bicycle_steering_controller) by extensions ['ros']
[0.243s] colcon.colcon_core.package_identification Level 1 _identify(src/ros2_controllers/bicycle_steering_controller) by extension 'ros'
[0.244s] colcon.colcon_core.package_identification DEBUG Package 'src/ros2_controllers/bicycle_steering_controller' with type 'ros.ament_cmake' and name 'bicycle_steering_controller'
[0.244s] colcon.colcon_core.package_identification Level 1 _identify(src/ros2_controllers/diff_drive_controller) by extensions ['ignore', 'ignore_ament_install']
[0.244s] colcon.colcon_core.package_identification Level 1 _identify(src/ros2_controllers/diff_drive_controller) by extension 'ignore'
[0.244s] colcon.colcon_core.package_identification Level 1 _identify(src/ros2_controllers/diff_drive_controller) by extension 'ignore_ament_install'
[0.244s] colcon.colcon_core.package_identification Level 1 _identify(src/ros2_controllers/diff_drive_controller) by extensions ['colcon_pkg']
[0.244s] colcon.colcon_core.package_identification Level 1 _identify(src/ros2_controllers/diff_drive_controller) by extension 'colcon_pkg'
[0.245s] colcon.colcon_core.package_identification Level 1 _identify(src/ros2_controllers/diff_drive_controller) by extensions ['colcon_meta']
[0.245s] colcon.colcon_core.package_identification Level 1 _identify(src/ros2_controllers/diff_drive_controller) by extension 'colcon_meta'
[0.245s] colcon.colcon_core.package_identification Level 1 _identify(src/ros2_controllers/diff_drive_controller) by extensions ['ros']
[0.245s] colcon.colcon_core.package_identification Level 1 _identify(src/ros2_controllers/diff_drive_controller) by extension 'ros'
[0.246s] colcon.colcon_core.package_identification DEBUG Package 'src/ros2_controllers/diff_drive_controller' with type 'ros.ament_cmake' and name 'diff_drive_controller'
[0.246s] colcon.colcon_core.package_identification Level 1 _identify(src/ros2_controllers/doc) by extensions ['ignore', 'ignore_ament_install']
[0.246s] colcon.colcon_core.package_identification Level 1 _identify(src/ros2_controllers/doc) by extension 'ignore'
[0.246s] colcon.colcon_core.package_identification Level 1 _identify(src/ros2_controllers/doc) by extension 'ignore_ament_install'
[0.246s] colcon.colcon_core.package_identification Level 1 _identify(src/ros2_controllers/doc) by extensions ['colcon_pkg']
[0.246s] colcon.colcon_core.package_identification Level 1 _identify(src/ros2_controllers/doc) by extension 'colcon_pkg'
[0.246s] colcon.colcon_core.package_identification Level 1 _identify(src/ros2_controllers/doc) by extensions ['colcon_meta']
[0.246s] colcon.colcon_core.package_identification Level 1 _identify(src/ros2_controllers/doc) by extension 'colcon_meta'
[0.246s] colcon.colcon_core.package_identification Level 1 _identify(src/ros2_controllers/doc) by extensions ['ros']
[0.246s] colcon.colcon_core.package_identification Level 1 _identify(src/ros2_controllers/doc) by extension 'ros'
[0.246s] colcon.colcon_core.package_identification Level 1 _identify(src/ros2_controllers/doc) by extensions ['cmake', 'python']
[0.246s] colcon.colcon_core.package_identification Level 1 _identify(src/ros2_controllers/doc) by extension 'cmake'
[0.246s] colcon.colcon_core.package_identification Level 1 _identify(src/ros2_controllers/doc) by extension 'python'
[0.246s] colcon.colcon_core.package_identification Level 1 _identify(src/ros2_controllers/doc) by extensions ['python_setup_py']
[0.246s] colcon.colcon_core.package_identification Level 1 _identify(src/ros2_controllers/doc) by extension 'python_setup_py'
[0.246s] colcon.colcon_core.package_identification Level 1 _identify(src/ros2_controllers/doc/images) by extensions ['ignore', 'ignore_ament_install']
[0.246s] colcon.colcon_core.package_identification Level 1 _identify(src/ros2_controllers/doc/images) by extension 'ignore'
[0.246s] colcon.colcon_core.package_identification Level 1 _identify(src/ros2_controllers/doc/images) by extension 'ignore_ament_install'
[0.246s] colcon.colcon_core.package_identification Level 1 _identify(src/ros2_controllers/doc/images) by extensions ['colcon_pkg']
[0.246s] colcon.colcon_core.package_identification Level 1 _identify(src/ros2_controllers/doc/images) by extension 'colcon_pkg'
[0.246s] colcon.colcon_core.package_identification Level 1 _identify(src/ros2_controllers/doc/images) by extensions ['colcon_meta']
[0.246s] colcon.colcon_core.package_identification Level 1 _identify(src/ros2_controllers/doc/images) by extension 'colcon_meta'
[0.246s] colcon.colcon_core.package_identification Level 1 _identify(src/ros2_controllers/doc/images) by extensions ['ros']
[0.247s] colcon.colcon_core.package_identification Level 1 _identify(src/ros2_controllers/doc/images) by extension 'ros'
[0.247s] colcon.colcon_core.package_identification Level 1 _identify(src/ros2_controllers/doc/images) by extensions ['cmake', 'python']
[0.247s] colcon.colcon_core.package_identification Level 1 _identify(src/ros2_controllers/doc/images) by extension 'cmake'
[0.247s] colcon.colcon_core.package_identification Level 1 _identify(src/ros2_controllers/doc/images) by extension 'python'
[0.247s] colcon.colcon_core.package_identification Level 1 _identify(src/ros2_controllers/doc/images) by extensions ['python_setup_py']
[0.247s] colcon.colcon_core.package_identification Level 1 _identify(src/ros2_controllers/doc/images) by extension 'python_setup_py'
[0.247s] colcon.colcon_core.package_identification Level 1 _identify(src/ros2_controllers/effort_controllers) by extensions ['ignore', 'ignore_ament_install']
[0.247s] colcon.colcon_core.package_identification Level 1 _identify(src/ros2_controllers/effort_controllers) by extension 'ignore'
[0.247s] colcon.colcon_core.package_identification Level 1 _identify(src/ros2_controllers/effort_controllers) by extension 'ignore_ament_install'
[0.247s] colcon.colcon_core.package_identification Level 1 _identify(src/ros2_controllers/effort_controllers) by extensions ['colcon_pkg']
[0.247s] colcon.colcon_core.package_identification Level 1 _identify(src/ros2_controllers/effort_controllers) by extension 'colcon_pkg'
[0.247s] colcon.colcon_core.package_identification Level 1 _identify(src/ros2_controllers/effort_controllers) by extensions ['colcon_meta']
[0.247s] colcon.colcon_core.package_identification Level 1 _identify(src/ros2_controllers/effort_controllers) by extension 'colcon_meta'
[0.247s] colcon.colcon_core.package_identification Level 1 _identify(src/ros2_controllers/effort_controllers) by extensions ['ros']
[0.247s] colcon.colcon_core.package_identification Level 1 _identify(src/ros2_controllers/effort_controllers) by extension 'ros'
[0.248s] colcon.colcon_core.package_identification DEBUG Package 'src/ros2_controllers/effort_controllers' with type 'ros.ament_cmake' and name 'effort_controllers'
[0.248s] colcon.colcon_core.package_identification Level 1 _identify(src/ros2_controllers/force_torque_sensor_broadcaster) by extensions ['ignore', 'ignore_ament_install']
[0.248s] colcon.colcon_core.package_identification Level 1 _identify(src/ros2_controllers/force_torque_sensor_broadcaster) by extension 'ignore'
[0.248s] colcon.colcon_core.package_identification Level 1 _identify(src/ros2_controllers/force_torque_sensor_broadcaster) by extension 'ignore_ament_install'
[0.248s] colcon.colcon_core.package_identification Level 1 _identify(src/ros2_controllers/force_torque_sensor_broadcaster) by extensions ['colcon_pkg']
[0.248s] colcon.colcon_core.package_identification Level 1 _identify(src/ros2_controllers/force_torque_sensor_broadcaster) by extension 'colcon_pkg'
[0.248s] colcon.colcon_core.package_identification Level 1 _identify(src/ros2_controllers/force_torque_sensor_broadcaster) by extensions ['colcon_meta']
[0.248s] colcon.colcon_core.package_identification Level 1 _identify(src/ros2_controllers/force_torque_sensor_broadcaster) by extension 'colcon_meta'
[0.248s] colcon.colcon_core.package_identification Level 1 _identify(src/ros2_controllers/force_torque_sensor_broadcaster) by extensions ['ros']
[0.248s] colcon.colcon_core.package_identification Level 1 _identify(src/ros2_controllers/force_torque_sensor_broadcaster) by extension 'ros'
[0.249s] colcon.colcon_core.package_identification DEBUG Package 'src/ros2_controllers/force_torque_sensor_broadcaster' with type 'ros.ament_cmake' and name 'force_torque_sensor_broadcaster'
[0.249s] colcon.colcon_core.package_identification Level 1 _identify(src/ros2_controllers/forward_command_controller) by extensions ['ignore', 'ignore_ament_install']
[0.249s] colcon.colcon_core.package_identification Level 1 _identify(src/ros2_controllers/forward_command_controller) by extension 'ignore'
[0.249s] colcon.colcon_core.package_identification Level 1 _identify(src/ros2_controllers/forward_command_controller) by extension 'ignore_ament_install'
[0.249s] colcon.colcon_core.package_identification Level 1 _identify(src/ros2_controllers/forward_command_controller) by extensions ['colcon_pkg']
[0.249s] colcon.colcon_core.package_identification Level 1 _identify(src/ros2_controllers/forward_command_controller) by extension 'colcon_pkg'
[0.249s] colcon.colcon_core.package_identification Level 1 _identify(src/ros2_controllers/forward_command_controller) by extensions ['colcon_meta']
[0.249s] colcon.colcon_core.package_identification Level 1 _identify(src/ros2_controllers/forward_command_controller) by extension 'colcon_meta'
[0.249s] colcon.colcon_core.package_identification Level 1 _identify(src/ros2_controllers/forward_command_controller) by extensions ['ros']
[0.249s] colcon.colcon_core.package_identification Level 1 _identify(src/ros2_controllers/forward_command_controller) by extension 'ros'
[0.250s] colcon.colcon_core.package_identification DEBUG Package 'src/ros2_controllers/forward_command_controller' with type 'ros.ament_cmake' and name 'forward_command_controller'
[0.250s] colcon.colcon_core.package_identification Level 1 _identify(src/ros2_controllers/gpio_controllers) by extensions ['ignore', 'ignore_ament_install']
[0.250s] colcon.colcon_core.package_identification Level 1 _identify(src/ros2_controllers/gpio_controllers) by extension 'ignore'
[0.250s] colcon.colcon_core.package_identification Level 1 _identify(src/ros2_controllers/gpio_controllers) by extension 'ignore_ament_install'
[0.250s] colcon.colcon_core.package_identification Level 1 _identify(src/ros2_controllers/gpio_controllers) by extensions ['colcon_pkg']
[0.250s] colcon.colcon_core.package_identification Level 1 _identify(src/ros2_controllers/gpio_controllers) by extension 'colcon_pkg'
[0.250s] colcon.colcon_core.package_identification Level 1 _identify(src/ros2_controllers/gpio_controllers) by extensions ['colcon_meta']
[0.250s] colcon.colcon_core.package_identification Level 1 _identify(src/ros2_controllers/gpio_controllers) by extension 'colcon_meta'
[0.250s] colcon.colcon_core.package_identification Level 1 _identify(src/ros2_controllers/gpio_controllers) by extensions ['ros']
[0.250s] colcon.colcon_core.package_identification Level 1 _identify(src/ros2_controllers/gpio_controllers) by extension 'ros'
[0.251s] colcon.colcon_core.package_identification DEBUG Package 'src/ros2_controllers/gpio_controllers' with type 'ros.ament_cmake' and name 'gpio_controllers'
[0.251s] colcon.colcon_core.package_identification Level 1 _identify(src/ros2_controllers/gripper_controllers) by extensions ['ignore', 'ignore_ament_install']
[0.251s] colcon.colcon_core.package_identification Level 1 _identify(src/ros2_controllers/gripper_controllers) by extension 'ignore'
[0.251s] colcon.colcon_core.package_identification Level 1 _identify(src/ros2_controllers/gripper_controllers) by extension 'ignore_ament_install'
[0.251s] colcon.colcon_core.package_identification Level 1 _identify(src/ros2_controllers/gripper_controllers) by extensions ['colcon_pkg']
[0.251s] colcon.colcon_core.package_identification Level 1 _identify(src/ros2_controllers/gripper_controllers) by extension 'colcon_pkg'
[0.251s] colcon.colcon_core.package_identification Level 1 _identify(src/ros2_controllers/gripper_controllers) by extensions ['colcon_meta']
[0.251s] colcon.colcon_core.package_identification Level 1 _identify(src/ros2_controllers/gripper_controllers) by extension 'colcon_meta'
[0.251s] colcon.colcon_core.package_identification Level 1 _identify(src/ros2_controllers/gripper_controllers) by extensions ['ros']
[0.251s] colcon.colcon_core.package_identification Level 1 _identify(src/ros2_controllers/gripper_controllers) by extension 'ros'
[0.252s] colcon.colcon_core.package_identification DEBUG Package 'src/ros2_controllers/gripper_controllers' with type 'ros.ament_cmake' and name 'gripper_controllers'
[0.252s] colcon.colcon_core.package_identification Level 1 _identify(src/ros2_controllers/imu_sensor_broadcaster) by extensions ['ignore', 'ignore_ament_install']
[0.252s] colcon.colcon_core.package_identification Level 1 _identify(src/ros2_controllers/imu_sensor_broadcaster) by extension 'ignore'
[0.252s] colcon.colcon_core.package_identification Level 1 _identify(src/ros2_controllers/imu_sensor_broadcaster) by extension 'ignore_ament_install'
[0.252s] colcon.colcon_core.package_identification Level 1 _identify(src/ros2_controllers/imu_sensor_broadcaster) by extensions ['colcon_pkg']
[0.253s] colcon.colcon_core.package_identification Level 1 _identify(src/ros2_controllers/imu_sensor_broadcaster) by extension 'colcon_pkg'
[0.253s] colcon.colcon_core.package_identification Level 1 _identify(src/ros2_controllers/imu_sensor_broadcaster) by extensions ['colcon_meta']
[0.253s] colcon.colcon_core.package_identification Level 1 _identify(src/ros2_controllers/imu_sensor_broadcaster) by extension 'colcon_meta'
[0.253s] colcon.colcon_core.package_identification Level 1 _identify(src/ros2_controllers/imu_sensor_broadcaster) by extensions ['ros']
[0.253s] colcon.colcon_core.package_identification Level 1 _identify(src/ros2_controllers/imu_sensor_broadcaster) by extension 'ros'
[0.253s] colcon.colcon_core.package_identification DEBUG Package 'src/ros2_controllers/imu_sensor_broadcaster' with type 'ros.ament_cmake' and name 'imu_sensor_broadcaster'
[0.253s] colcon.colcon_core.package_identification Level 1 _identify(src/ros2_controllers/joint_state_broadcaster) by extensions ['ignore', 'ignore_ament_install']
[0.253s] colcon.colcon_core.package_identification Level 1 _identify(src/ros2_controllers/joint_state_broadcaster) by extension 'ignore'
[0.254s] colcon.colcon_core.package_identification Level 1 _identify(src/ros2_controllers/joint_state_broadcaster) by extension 'ignore_ament_install'
[0.254s] colcon.colcon_core.package_identification Level 1 _identify(src/ros2_controllers/joint_state_broadcaster) by extensions ['colcon_pkg']
[0.254s] colcon.colcon_core.package_identification Level 1 _identify(src/ros2_controllers/joint_state_broadcaster) by extension 'colcon_pkg'
[0.254s] colcon.colcon_core.package_identification Level 1 _identify(src/ros2_controllers/joint_state_broadcaster) by extensions ['colcon_meta']
[0.254s] colcon.colcon_core.package_identification Level 1 _identify(src/ros2_controllers/joint_state_broadcaster) by extension 'colcon_meta'
[0.254s] colcon.colcon_core.package_identification Level 1 _identify(src/ros2_controllers/joint_state_broadcaster) by extensions ['ros']
[0.254s] colcon.colcon_core.package_identification Level 1 _identify(src/ros2_controllers/joint_state_broadcaster) by extension 'ros'
[0.255s] colcon.colcon_core.package_identification DEBUG Package 'src/ros2_controllers/joint_state_broadcaster' with type 'ros.ament_cmake' and name 'joint_state_broadcaster'
[0.255s] colcon.colcon_core.package_identification Level 1 _identify(src/ros2_controllers/joint_trajectory_controller) by extensions ['ignore', 'ignore_ament_install']
[0.255s] colcon.colcon_core.package_identification Level 1 _identify(src/ros2_controllers/joint_trajectory_controller) by extension 'ignore'
[0.255s] colcon.colcon_core.package_identification Level 1 _identify(src/ros2_controllers/joint_trajectory_controller) by extension 'ignore_ament_install'
[0.255s] colcon.colcon_core.package_identification Level 1 _identify(src/ros2_controllers/joint_trajectory_controller) by extensions ['colcon_pkg']
[0.255s] colcon.colcon_core.package_identification Level 1 _identify(src/ros2_controllers/joint_trajectory_controller) by extension 'colcon_pkg'
[0.255s] colcon.colcon_core.package_identification Level 1 _identify(src/ros2_controllers/joint_trajectory_controller) by extensions ['colcon_meta']
[0.255s] colcon.colcon_core.package_identification Level 1 _identify(src/ros2_controllers/joint_trajectory_controller) by extension 'colcon_meta'
[0.255s] colcon.colcon_core.package_identification Level 1 _identify(src/ros2_controllers/joint_trajectory_controller) by extensions ['ros']
[0.255s] colcon.colcon_core.package_identification Level 1 _identify(src/ros2_controllers/joint_trajectory_controller) by extension 'ros'
[0.256s] colcon.colcon_core.package_identification DEBUG Package 'src/ros2_controllers/joint_trajectory_controller' with type 'ros.ament_cmake' and name 'joint_trajectory_controller'
[0.256s] colcon.colcon_core.package_identification Level 1 _identify(src/ros2_controllers/mecanum_drive_controller) by extensions ['ignore', 'ignore_ament_install']
[0.256s] colcon.colcon_core.package_identification Level 1 _identify(src/ros2_controllers/mecanum_drive_controller) by extension 'ignore'
[0.256s] colcon.colcon_core.package_identification Level 1 _identify(src/ros2_controllers/mecanum_drive_controller) by extension 'ignore_ament_install'
[0.256s] colcon.colcon_core.package_identification Level 1 _identify(src/ros2_controllers/mecanum_drive_controller) by extensions ['colcon_pkg']
[0.256s] colcon.colcon_core.package_identification Level 1 _identify(src/ros2_controllers/mecanum_drive_controller) by extension 'colcon_pkg'
[0.256s] colcon.colcon_core.package_identification Level 1 _identify(src/ros2_controllers/mecanum_drive_controller) by extensions ['colcon_meta']
[0.256s] colcon.colcon_core.package_identification Level 1 _identify(src/ros2_controllers/mecanum_drive_controller) by extension 'colcon_meta'
[0.256s] colcon.colcon_core.package_identification Level 1 _identify(src/ros2_controllers/mecanum_drive_controller) by extensions ['ros']
[0.256s] colcon.colcon_core.package_identification Level 1 _identify(src/ros2_controllers/mecanum_drive_controller) by extension 'ros'
[0.257s] colcon.colcon_core.package_identification DEBUG Package 'src/ros2_controllers/mecanum_drive_controller' with type 'ros.ament_cmake' and name 'mecanum_drive_controller'
[0.257s] colcon.colcon_core.package_identification Level 1 _identify(src/ros2_controllers/pid_controller) by extensions ['ignore', 'ignore_ament_install']
[0.258s] colcon.colcon_core.package_identification Level 1 _identify(src/ros2_controllers/pid_controller) by extension 'ignore'
[0.258s] colcon.colcon_core.package_identification Level 1 _identify(src/ros2_controllers/pid_controller) by extension 'ignore_ament_install'
[0.258s] colcon.colcon_core.package_identification Level 1 _identify(src/ros2_controllers/pid_controller) by extensions ['colcon_pkg']
[0.258s] colcon.colcon_core.package_identification Level 1 _identify(src/ros2_controllers/pid_controller) by extension 'colcon_pkg'
[0.258s] colcon.colcon_core.package_identification Level 1 _identify(src/ros2_controllers/pid_controller) by extensions ['colcon_meta']
[0.258s] colcon.colcon_core.package_identification Level 1 _identify(src/ros2_controllers/pid_controller) by extension 'colcon_meta'
[0.258s] colcon.colcon_core.package_identification Level 1 _identify(src/ros2_controllers/pid_controller) by extensions ['ros']
[0.258s] colcon.colcon_core.package_identification Level 1 _identify(src/ros2_controllers/pid_controller) by extension 'ros'
[0.259s] colcon.colcon_core.package_identification DEBUG Package 'src/ros2_controllers/pid_controller' with type 'ros.ament_cmake' and name 'pid_controller'
[0.259s] colcon.colcon_core.package_identification Level 1 _identify(src/ros2_controllers/pose_broadcaster) by extensions ['ignore', 'ignore_ament_install']
[0.259s] colcon.colcon_core.package_identification Level 1 _identify(src/ros2_controllers/pose_broadcaster) by extension 'ignore'
[0.259s] colcon.colcon_core.package_identification Level 1 _identify(src/ros2_controllers/pose_broadcaster) by extension 'ignore_ament_install'
[0.259s] colcon.colcon_core.package_identification Level 1 _identify(src/ros2_controllers/pose_broadcaster) by extensions ['colcon_pkg']
[0.259s] colcon.colcon_core.package_identification Level 1 _identify(src/ros2_controllers/pose_broadcaster) by extension 'colcon_pkg'
[0.259s] colcon.colcon_core.package_identification Level 1 _identify(src/ros2_controllers/pose_broadcaster) by extensions ['colcon_meta']
[0.259s] colcon.colcon_core.package_identification Level 1 _identify(src/ros2_controllers/pose_broadcaster) by extension 'colcon_meta'
[0.259s] colcon.colcon_core.package_identification Level 1 _identify(src/ros2_controllers/pose_broadcaster) by extensions ['ros']
[0.259s] colcon.colcon_core.package_identification Level 1 _identify(src/ros2_controllers/pose_broadcaster) by extension 'ros'
[0.260s] colcon.colcon_core.package_identification DEBUG Package 'src/ros2_controllers/pose_broadcaster' with type 'ros.ament_cmake' and name 'pose_broadcaster'
[0.260s] colcon.colcon_core.package_identification Level 1 _identify(src/ros2_controllers/position_controllers) by extensions ['ignore', 'ignore_ament_install']
[0.260s] colcon.colcon_core.package_identification Level 1 _identify(src/ros2_controllers/position_controllers) by extension 'ignore'
[0.260s] colcon.colcon_core.package_identification Level 1 _identify(src/ros2_controllers/position_controllers) by extension 'ignore_ament_install'
[0.260s] colcon.colcon_core.package_identification Level 1 _identify(src/ros2_controllers/position_controllers) by extensions ['colcon_pkg']
[0.260s] colcon.colcon_core.package_identification Level 1 _identify(src/ros2_controllers/position_controllers) by extension 'colcon_pkg'
[0.260s] colcon.colcon_core.package_identification Level 1 _identify(src/ros2_controllers/position_controllers) by extensions ['colcon_meta']
[0.260s] colcon.colcon_core.package_identification Level 1 _identify(src/ros2_controllers/position_controllers) by extension 'colcon_meta'
[0.260s] colcon.colcon_core.package_identification Level 1 _identify(src/ros2_controllers/position_controllers) by extensions ['ros']
[0.260s] colcon.colcon_core.package_identification Level 1 _identify(src/ros2_controllers/position_controllers) by extension 'ros'
[0.261s] colcon.colcon_core.package_identification DEBUG Package 'src/ros2_controllers/position_controllers' with type 'ros.ament_cmake' and name 'position_controllers'
[0.261s] colcon.colcon_core.package_identification Level 1 _identify(src/ros2_controllers/range_sensor_broadcaster) by extensions ['ignore', 'ignore_ament_install']
[0.261s] colcon.colcon_core.package_identification Level 1 _identify(src/ros2_controllers/range_sensor_broadcaster) by extension 'ignore'
[0.261s] colcon.colcon_core.package_identification Level 1 _identify(src/ros2_controllers/range_sensor_broadcaster) by extension 'ignore_ament_install'
[0.261s] colcon.colcon_core.package_identification Level 1 _identify(src/ros2_controllers/range_sensor_broadcaster) by extensions ['colcon_pkg']
[0.261s] colcon.colcon_core.package_identification Level 1 _identify(src/ros2_controllers/range_sensor_broadcaster) by extension 'colcon_pkg'
[0.261s] colcon.colcon_core.package_identification Level 1 _identify(src/ros2_controllers/range_sensor_broadcaster) by extensions ['colcon_meta']
[0.261s] colcon.colcon_core.package_identification Level 1 _identify(src/ros2_controllers/range_sensor_broadcaster) by extension 'colcon_meta'
[0.261s] colcon.colcon_core.package_identification Level 1 _identify(src/ros2_controllers/range_sensor_broadcaster) by extensions ['ros']
[0.261s] colcon.colcon_core.package_identification Level 1 _identify(src/ros2_controllers/range_sensor_broadcaster) by extension 'ros'
[0.262s] colcon.colcon_core.package_identification DEBUG Package 'src/ros2_controllers/range_sensor_broadcaster' with type 'ros.ament_cmake' and name 'range_sensor_broadcaster'
[0.262s] colcon.colcon_core.package_identification Level 1 _identify(src/ros2_controllers/ros2_controllers) by extensions ['ignore', 'ignore_ament_install']
[0.262s] colcon.colcon_core.package_identification Level 1 _identify(src/ros2_controllers/ros2_controllers) by extension 'ignore'
[0.262s] colcon.colcon_core.package_identification Level 1 _identify(src/ros2_controllers/ros2_controllers) by extension 'ignore_ament_install'
[0.262s] colcon.colcon_core.package_identification Level 1 _identify(src/ros2_controllers/ros2_controllers) by extensions ['colcon_pkg']
[0.262s] colcon.colcon_core.package_identification Level 1 _identify(src/ros2_controllers/ros2_controllers) by extension 'colcon_pkg'
[0.262s] colcon.colcon_core.package_identification Level 1 _identify(src/ros2_controllers/ros2_controllers) by extensions ['colcon_meta']
[0.262s] colcon.colcon_core.package_identification Level 1 _identify(src/ros2_controllers/ros2_controllers) by extension 'colcon_meta'
[0.262s] colcon.colcon_core.package_identification Level 1 _identify(src/ros2_controllers/ros2_controllers) by extensions ['ros']
[0.262s] colcon.colcon_core.package_identification Level 1 _identify(src/ros2_controllers/ros2_controllers) by extension 'ros'
[0.263s] colcon.colcon_core.package_identification DEBUG Package 'src/ros2_controllers/ros2_controllers' with type 'ros.ament_cmake' and name 'ros2_controllers'
[0.263s] colcon.colcon_core.package_identification Level 1 _identify(src/ros2_controllers/ros2_controllers_test_nodes) by extensions ['ignore', 'ignore_ament_install']
[0.263s] colcon.colcon_core.package_identification Level 1 _identify(src/ros2_controllers/ros2_controllers_test_nodes) by extension 'ignore'
[0.263s] colcon.colcon_core.package_identification Level 1 _identify(src/ros2_controllers/ros2_controllers_test_nodes) by extension 'ignore_ament_install'
[0.263s] colcon.colcon_core.package_identification Level 1 _identify(src/ros2_controllers/ros2_controllers_test_nodes) by extensions ['colcon_pkg']
[0.263s] colcon.colcon_core.package_identification Level 1 _identify(src/ros2_controllers/ros2_controllers_test_nodes) by extension 'colcon_pkg'
[0.263s] colcon.colcon_core.package_identification Level 1 _identify(src/ros2_controllers/ros2_controllers_test_nodes) by extensions ['colcon_meta']
[0.263s] colcon.colcon_core.package_identification Level 1 _identify(src/ros2_controllers/ros2_controllers_test_nodes) by extension 'colcon_meta'
[0.263s] colcon.colcon_core.package_identification Level 1 _identify(src/ros2_controllers/ros2_controllers_test_nodes) by extensions ['ros']
[0.263s] colcon.colcon_core.package_identification Level 1 _identify(src/ros2_controllers/ros2_controllers_test_nodes) by extension 'ros'
[0.264s] colcon.colcon_core.package_identification DEBUG Package 'src/ros2_controllers/ros2_controllers_test_nodes' with type 'ros.ament_python' and name 'ros2_controllers_test_nodes'
[0.264s] colcon.colcon_core.package_identification Level 1 _identify(src/ros2_controllers/rqt_joint_trajectory_controller) by extensions ['ignore', 'ignore_ament_install']
[0.264s] colcon.colcon_core.package_identification Level 1 _identify(src/ros2_controllers/rqt_joint_trajectory_controller) by extension 'ignore'
[0.264s] colcon.colcon_core.package_identification Level 1 _identify(src/ros2_controllers/rqt_joint_trajectory_controller) by extension 'ignore_ament_install'
[0.264s] colcon.colcon_core.package_identification Level 1 _identify(src/ros2_controllers/rqt_joint_trajectory_controller) by extensions ['colcon_pkg']
[0.264s] colcon.colcon_core.package_identification Level 1 _identify(src/ros2_controllers/rqt_joint_trajectory_controller) by extension 'colcon_pkg'
[0.264s] colcon.colcon_core.package_identification Level 1 _identify(src/ros2_controllers/rqt_joint_trajectory_controller) by extensions ['colcon_meta']
[0.264s] colcon.colcon_core.package_identification Level 1 _identify(src/ros2_controllers/rqt_joint_trajectory_controller) by extension 'colcon_meta'
[0.264s] colcon.colcon_core.package_identification Level 1 _identify(src/ros2_controllers/rqt_joint_trajectory_controller) by extensions ['ros']
[0.264s] colcon.colcon_core.package_identification Level 1 _identify(src/ros2_controllers/rqt_joint_trajectory_controller) by extension 'ros'
[0.265s] colcon.colcon_core.package_identification DEBUG Package 'src/ros2_controllers/rqt_joint_trajectory_controller' with type 'ros.ament_python' and name 'rqt_joint_trajectory_controller'
[0.265s] colcon.colcon_core.package_identification Level 1 _identify(src/ros2_controllers/steering_controllers_library) by extensions ['ignore', 'ignore_ament_install']
[0.265s] colcon.colcon_core.package_identification Level 1 _identify(src/ros2_controllers/steering_controllers_library) by extension 'ignore'
[0.265s] colcon.colcon_core.package_identification Level 1 _identify(src/ros2_controllers/steering_controllers_library) by extension 'ignore_ament_install'
[0.265s] colcon.colcon_core.package_identification Level 1 _identify(src/ros2_controllers/steering_controllers_library) by extensions ['colcon_pkg']
[0.265s] colcon.colcon_core.package_identification Level 1 _identify(src/ros2_controllers/steering_controllers_library) by extension 'colcon_pkg'
[0.265s] colcon.colcon_core.package_identification Level 1 _identify(src/ros2_controllers/steering_controllers_library) by extensions ['colcon_meta']
[0.265s] colcon.colcon_core.package_identification Level 1 _identify(src/ros2_controllers/steering_controllers_library) by extension 'colcon_meta'
[0.265s] colcon.colcon_core.package_identification Level 1 _identify(src/ros2_controllers/steering_controllers_library) by extensions ['ros']
[0.265s] colcon.colcon_core.package_identification Level 1 _identify(src/ros2_controllers/steering_controllers_library) by extension 'ros'
[0.266s] colcon.colcon_core.package_identification DEBUG Package 'src/ros2_controllers/steering_controllers_library' with type 'ros.ament_cmake' and name 'steering_controllers_library'
[0.266s] colcon.colcon_core.package_identification Level 1 _identify(src/ros2_controllers/tricycle_controller) by extensions ['ignore', 'ignore_ament_install']
[0.266s] colcon.colcon_core.package_identification Level 1 _identify(src/ros2_controllers/tricycle_controller) by extension 'ignore'
[0.267s] colcon.colcon_core.package_identification Level 1 _identify(src/ros2_controllers/tricycle_controller) by extension 'ignore_ament_install'
[0.267s] colcon.colcon_core.package_identification Level 1 _identify(src/ros2_controllers/tricycle_controller) by extensions ['colcon_pkg']
[0.267s] colcon.colcon_core.package_identification Level 1 _identify(src/ros2_controllers/tricycle_controller) by extension 'colcon_pkg'
[0.267s] colcon.colcon_core.package_identification Level 1 _identify(src/ros2_controllers/tricycle_controller) by extensions ['colcon_meta']
[0.267s] colcon.colcon_core.package_identification Level 1 _identify(src/ros2_controllers/tricycle_controller) by extension 'colcon_meta'
[0.267s] colcon.colcon_core.package_identification Level 1 _identify(src/ros2_controllers/tricycle_controller) by extensions ['ros']
[0.267s] colcon.colcon_core.package_identification Level 1 _identify(src/ros2_controllers/tricycle_controller) by extension 'ros'
[0.269s] colcon.colcon_core.package_identification DEBUG Package 'src/ros2_controllers/tricycle_controller' with type 'ros.ament_cmake' and name 'tricycle_controller'
[0.269s] colcon.colcon_core.package_identification Level 1 _identify(src/ros2_controllers/tricycle_steering_controller) by extensions ['ignore', 'ignore_ament_install']
[0.269s] colcon.colcon_core.package_identification Level 1 _identify(src/ros2_controllers/tricycle_steering_controller) by extension 'ignore'
[0.269s] colcon.colcon_core.package_identification Level 1 _identify(src/ros2_controllers/tricycle_steering_controller) by extension 'ignore_ament_install'
[0.269s] colcon.colcon_core.package_identification Level 1 _identify(src/ros2_controllers/tricycle_steering_controller) by extensions ['colcon_pkg']
[0.269s] colcon.colcon_core.package_identification Level 1 _identify(src/ros2_controllers/tricycle_steering_controller) by extension 'colcon_pkg'
[0.269s] colcon.colcon_core.package_identification Level 1 _identify(src/ros2_controllers/tricycle_steering_controller) by extensions ['colcon_meta']
[0.269s] colcon.colcon_core.package_identification Level 1 _identify(src/ros2_controllers/tricycle_steering_controller) by extension 'colcon_meta'
[0.269s] colcon.colcon_core.package_identification Level 1 _identify(src/ros2_controllers/tricycle_steering_controller) by extensions ['ros']
[0.269s] colcon.colcon_core.package_identification Level 1 _identify(src/ros2_controllers/tricycle_steering_controller) by extension 'ros'
[0.270s] colcon.colcon_core.package_identification DEBUG Package 'src/ros2_controllers/tricycle_steering_controller' with type 'ros.ament_cmake' and name 'tricycle_steering_controller'
[0.270s] colcon.colcon_core.package_identification Level 1 _identify(src/ros2_controllers/velocity_controllers) by extensions ['ignore', 'ignore_ament_install']
[0.270s] colcon.colcon_core.package_identification Level 1 _identify(src/ros2_controllers/velocity_controllers) by extension 'ignore'
[0.270s] colcon.colcon_core.package_identification Level 1 _identify(src/ros2_controllers/velocity_controllers) by extension 'ignore_ament_install'
[0.270s] colcon.colcon_core.package_identification Level 1 _identify(src/ros2_controllers/velocity_controllers) by extensions ['colcon_pkg']
[0.270s] colcon.colcon_core.package_identification Level 1 _identify(src/ros2_controllers/velocity_controllers) by extension 'colcon_pkg'
[0.270s] colcon.colcon_core.package_identification Level 1 _identify(src/ros2_controllers/velocity_controllers) by extensions ['colcon_meta']
[0.270s] colcon.colcon_core.package_identification Level 1 _identify(src/ros2_controllers/velocity_controllers) by extension 'colcon_meta'
[0.270s] colcon.colcon_core.package_identification Level 1 _identify(src/ros2_controllers/velocity_controllers) by extensions ['ros']
[0.270s] colcon.colcon_core.package_identification Level 1 _identify(src/ros2_controllers/velocity_controllers) by extension 'ros'
[0.271s] colcon.colcon_core.package_identification DEBUG Package 'src/ros2_controllers/velocity_controllers' with type 'ros.ament_cmake' and name 'velocity_controllers'
[0.271s] colcon.colcon_core.package_discovery Level 1 discover_packages(recursive) using defaults
[0.271s] colcon.colcon_core.package_discovery Level 1 discover_packages(ignore) discover
[0.271s] colcon.colcon_core.package_discovery Level 1 discover_packages(ignore) using defaults
[0.271s] colcon.colcon_core.package_discovery Level 1 discover_packages(path) discover
[0.271s] colcon.colcon_core.package_discovery Level 1 discover_packages(path) using defaults
[0.304s] colcon.colcon_core.package_selection INFO Skipping not selected package 'controller_manager_msgs' in 'src/ros2_control/controller_manager_msgs'
[0.304s] colcon.colcon_core.package_selection INFO Skipping not selected package 'g1_package' in 'src/g1_package'
[0.304s] colcon.colcon_core.package_selection INFO Skipping not selected package 'joint_limits' in 'src/ros2_control/joint_limits'
[0.304s] colcon.colcon_core.package_selection INFO Skipping not selected package 'ros2_control_test_assets' in 'src/ros2_control/ros2_control_test_assets'
[0.304s] colcon.colcon_core.package_selection INFO Skipping not selected package 'ros2_controllers_test_nodes' in 'src/ros2_controllers/ros2_controllers_test_nodes'
[0.304s] colcon.colcon_core.package_selection INFO Skipping not selected package 'g1_gazebo_sim' in 'src/g1_gazebo_sim'
[0.304s] colcon.colcon_core.package_selection INFO Skipping not selected package 'hardware_interface' in 'src/ros2_control/hardware_interface'
[0.304s] colcon.colcon_core.package_selection INFO Skipping not selected package 'rqt_joint_trajectory_controller' in 'src/ros2_controllers/rqt_joint_trajectory_controller'
[0.304s] colcon.colcon_core.package_selection INFO Skipping not selected package 'controller_interface' in 'src/ros2_control/controller_interface'
[0.304s] colcon.colcon_core.package_selection INFO Skipping not selected package 'hardware_interface_testing' in 'src/ros2_control/hardware_interface_testing'
[0.304s] colcon.colcon_core.package_selection INFO Skipping not selected package 'transmission_interface' in 'src/ros2_control/transmission_interface'
[0.304s] colcon.colcon_core.package_selection INFO Skipping not selected package 'controller_manager' in 'src/ros2_control/controller_manager'
[0.304s] colcon.colcon_core.package_selection INFO Skipping not selected package 'admittance_controller' in 'src/ros2_controllers/admittance_controller'
[0.304s] colcon.colcon_core.package_selection INFO Skipping not selected package 'diff_drive_controller' in 'src/ros2_controllers/diff_drive_controller'
[0.304s] colcon.colcon_core.package_selection INFO Skipping not selected package 'force_torque_sensor_broadcaster' in 'src/ros2_controllers/force_torque_sensor_broadcaster'
[0.304s] colcon.colcon_core.package_selection INFO Skipping not selected package 'forward_command_controller' in 'src/ros2_controllers/forward_command_controller'
[0.304s] colcon.colcon_core.package_selection INFO Skipping not selected package 'gpio_controllers' in 'src/ros2_controllers/gpio_controllers'
[0.304s] colcon.colcon_core.package_selection INFO Skipping not selected package 'gripper_controllers' in 'src/ros2_controllers/gripper_controllers'
[0.304s] colcon.colcon_core.package_selection INFO Skipping not selected package 'imu_sensor_broadcaster' in 'src/ros2_controllers/imu_sensor_broadcaster'
[0.304s] colcon.colcon_core.package_selection INFO Skipping not selected package 'joint_state_broadcaster' in 'src/ros2_controllers/joint_state_broadcaster'
[0.304s] colcon.colcon_core.package_selection INFO Skipping not selected package 'joint_trajectory_controller' in 'src/ros2_controllers/joint_trajectory_controller'
[0.304s] colcon.colcon_core.package_selection INFO Skipping not selected package 'mecanum_drive_controller' in 'src/ros2_controllers/mecanum_drive_controller'
[0.304s] colcon.colcon_core.package_selection INFO Skipping not selected package 'pid_controller' in 'src/ros2_controllers/pid_controller'
[0.304s] colcon.colcon_core.package_selection INFO Skipping not selected package 'pose_broadcaster' in 'src/ros2_controllers/pose_broadcaster'
[0.304s] colcon.colcon_core.package_selection INFO Skipping not selected package 'range_sensor_broadcaster' in 'src/ros2_controllers/range_sensor_broadcaster'
[0.304s] colcon.colcon_core.package_selection INFO Skipping not selected package 'ros2controlcli' in 'src/ros2_control/ros2controlcli'
[0.304s] colcon.colcon_core.package_selection INFO Skipping not selected package 'rqt_controller_manager' in 'src/ros2_control/rqt_controller_manager'
[0.304s] colcon.colcon_core.package_selection INFO Skipping not selected package 'steering_controllers_library' in 'src/ros2_controllers/steering_controllers_library'
[0.304s] colcon.colcon_core.package_selection INFO Skipping not selected package 'tricycle_controller' in 'src/ros2_controllers/tricycle_controller'
[0.304s] colcon.colcon_core.package_selection INFO Skipping not selected package 'ackermann_steering_controller' in 'src/ros2_controllers/ackermann_steering_controller'
[0.304s] colcon.colcon_core.package_selection INFO Skipping not selected package 'bicycle_steering_controller' in 'src/ros2_controllers/bicycle_steering_controller'
[0.304s] colcon.colcon_core.package_selection INFO Skipping not selected package 'effort_controllers' in 'src/ros2_controllers/effort_controllers'
[0.304s] colcon.colcon_core.package_selection INFO Skipping not selected package 'position_controllers' in 'src/ros2_controllers/position_controllers'
[0.304s] colcon.colcon_core.package_selection INFO Skipping not selected package 'ros2_control' in 'src/ros2_control/ros2_control'
[0.304s] colcon.colcon_core.package_selection INFO Skipping not selected package 'tricycle_steering_controller' in 'src/ros2_controllers/tricycle_steering_controller'
[0.304s] colcon.colcon_core.package_selection INFO Skipping not selected package 'velocity_controllers' in 'src/ros2_controllers/velocity_controllers'
[0.304s] colcon.colcon_core.package_selection INFO Skipping not selected package 'ros2_controllers' in 'src/ros2_controllers/ros2_controllers'
[0.305s] colcon.colcon_core.verb Level 5 set package 'g1_controller' build argument 'cmake_args' from command line to 'None'
[0.305s] colcon.colcon_core.verb Level 5 set package 'g1_controller' build argument 'cmake_target' from command line to 'None'
[0.305s] colcon.colcon_core.verb Level 5 set package 'g1_controller' build argument 'cmake_target_skip_unavailable' from command line to 'False'
[0.305s] colcon.colcon_core.verb Level 5 set package 'g1_controller' build argument 'cmake_clean_cache' from command line to 'False'
[0.305s] colcon.colcon_core.verb Level 5 set package 'g1_controller' build argument 'cmake_clean_first' from command line to 'False'
[0.305s] colcon.colcon_core.verb Level 5 set package 'g1_controller' build argument 'cmake_force_configure' from command line to 'False'
[0.305s] colcon.colcon_core.verb Level 5 set package 'g1_controller' build argument 'ament_cmake_args' from command line to 'None'
[0.305s] colcon.colcon_core.verb Level 5 set package 'g1_controller' build argument 'catkin_cmake_args' from command line to 'None'
[0.305s] colcon.colcon_core.verb Level 5 set package 'g1_controller' build argument 'catkin_skip_building_tests' from command line to 'False'
[0.305s] colcon.colcon_core.verb DEBUG Building package 'g1_controller' with the following arguments: {'ament_cmake_args': None, 'build_base': '/home/irman/Humanoid-VLA-Simulations/build/g1_controller', 'catkin_cmake_args': None, 'catkin_skip_building_tests': False, 'cmake_args': None, 'cmake_clean_cache': False, 'cmake_clean_first': False, 'cmake_force_configure': False, 'cmake_target': None, 'cmake_target_skip_unavailable': False, 'install_base': '/home/irman/Humanoid-VLA-Simulations/install/g1_controller', 'merge_install': False, 'path': '/home/irman/Humanoid-VLA-Simulations/src/g1_controller', 'symlink_install': False, 'test_result_base': None}
[0.305s] colcon.colcon_core.executor INFO Executing jobs using 'parallel' executor
[0.307s] colcon.colcon_parallel_executor.executor.parallel DEBUG run_until_complete
[0.308s] colcon.colcon_ros.task.ament_cmake.build INFO Building ROS package in '/home/irman/Humanoid-VLA-Simulations/src/g1_controller' with build type 'ament_cmake'
[0.308s] colcon.colcon_cmake.task.cmake.build INFO Building CMake package in '/home/irman/Humanoid-VLA-Simulations/src/g1_controller'
[0.310s] colcon.colcon_core.plugin_system INFO Skipping extension 'colcon_core.shell.bat': Not used on non-Windows systems
[0.310s] colcon.colcon_core.shell INFO Skip shell extension 'powershell' for command environment: Not usable outside of PowerShell
[0.310s] colcon.colcon_core.shell DEBUG Skip shell extension 'dsv' for command environment
[0.378s] colcon.colcon_core.event_handler.log_command DEBUG Invoking command in '/home/irman/Humanoid-VLA-Simulations/build/g1_controller': AMENT_PREFIX_PATH=/home/irman/Humanoid-VLA-Simulations/install/joint_trajectory_controller:/home/irman/Humanoid-VLA-Simulations/install/joint_state_broadcaster:/home/irman/Humanoid-VLA-Simulations/install/controller_manager:/home/irman/Humanoid-VLA-Simulations/install/hardware_interface_testing:/home/irman/Humanoid-VLA-Simulations/install/controller_interface:/home/irman/Humanoid-VLA-Simulations/install/hardware_interface:/home/irman/Humanoid-VLA-Simulations/install/ros2_control_test_assets:/home/irman/Humanoid-VLA-Simulations/install/controller_manager_msgs:${AMENT_PREFIX_PATH} CMAKE_PREFIX_PATH=/home/irman/Humanoid-VLA-Simulations/install/joint_trajectory_controller:/home/irman/Humanoid-VLA-Simulations/install/joint_state_broadcaster:/home/irman/Humanoid-VLA-Simulations/install/controller_manager:/home/irman/Humanoid-VLA-Simulations/install/hardware_interface_testing:/home/irman/Humanoid-VLA-Simulations/install/controller_interface:/home/irman/Humanoid-VLA-Simulations/install/hardware_interface:/home/irman/Humanoid-VLA-Simulations/install/ros2_control_test_assets:/home/irman/Humanoid-VLA-Simulations/install/controller_manager_msgs:${CMAKE_PREFIX_PATH} CONDA_PROMPT_MODIFIER=(ros2_env) DEBUGINFOD_URLS=https://debuginfod.ubuntu.com LD_LIBRARY_PATH=/home/irman/Humanoid-VLA-Simulations/install/joint_trajectory_controller/lib:/home/irman/Humanoid-VLA-Simulations/install/joint_state_broadcaster/lib:/home/irman/Humanoid-VLA-Simulations/install/controller_manager/lib:/home/irman/Humanoid-VLA-Simulations/install/hardware_interface_testing/lib:/home/irman/Humanoid-VLA-Simulations/install/controller_interface/lib:/home/irman/Humanoid-VLA-Simulations/install/hardware_interface/lib:/home/irman/Humanoid-VLA-Simulations/install/controller_manager_msgs/lib:/home/irman/micromamba/envs/ros2_env/opt/rviz_ogre_vendor/lib:/home/irman/micromamba/envs/ros2_env/lib/gazebo-11/plugins:/home/irman/micromamba/envs/ros2_env/lib/gazebo-11/plugins PYTHONPATH=/home/irman/Humanoid-VLA-Simulations/install/controller_manager/lib/python3.11/site-packages:/home/irman/Humanoid-VLA-Simulations/install/controller_manager_msgs/lib/python3.11/site-packages:${PYTHONPATH} /home/irman/micromamba/envs/ros2_env/bin/cmake --build /home/irman/Humanoid-VLA-Simulations/build/g1_controller -- -j16 -l16
[1.508s] colcon.colcon_core.event_handler.log_command DEBUG Invoked command in '/home/irman/Humanoid-VLA-Simulations/build/g1_controller' returned '0': AMENT_PREFIX_PATH=/home/irman/Humanoid-VLA-Simulations/install/joint_trajectory_controller:/home/irman/Humanoid-VLA-Simulations/install/joint_state_broadcaster:/home/irman/Humanoid-VLA-Simulations/install/controller_manager:/home/irman/Humanoid-VLA-Simulations/install/hardware_interface_testing:/home/irman/Humanoid-VLA-Simulations/install/controller_interface:/home/irman/Humanoid-VLA-Simulations/install/hardware_interface:/home/irman/Humanoid-VLA-Simulations/install/ros2_control_test_assets:/home/irman/Humanoid-VLA-Simulations/install/controller_manager_msgs:${AMENT_PREFIX_PATH} CMAKE_PREFIX_PATH=/home/irman/Humanoid-VLA-Simulations/install/joint_trajectory_controller:/home/irman/Humanoid-VLA-Simulations/install/joint_state_broadcaster:/home/irman/Humanoid-VLA-Simulations/install/controller_manager:/home/irman/Humanoid-VLA-Simulations/install/hardware_interface_testing:/home/irman/Humanoid-VLA-Simulations/install/controller_interface:/home/irman/Humanoid-VLA-Simulations/install/hardware_interface:/home/irman/Humanoid-VLA-Simulations/install/ros2_control_test_assets:/home/irman/Humanoid-VLA-Simulations/install/controller_manager_msgs:${CMAKE_PREFIX_PATH} CONDA_PROMPT_MODIFIER=(ros2_env) DEBUGINFOD_URLS=https://debuginfod.ubuntu.com LD_LIBRARY_PATH=/home/irman/Humanoid-VLA-Simulations/install/joint_trajectory_controller/lib:/home/irman/Humanoid-VLA-Simulations/install/joint_state_broadcaster/lib:/home/irman/Humanoid-VLA-Simulations/install/controller_manager/lib:/home/irman/Humanoid-VLA-Simulations/install/hardware_interface_testing/lib:/home/irman/Humanoid-VLA-Simulations/install/controller_interface/lib:/home/irman/Humanoid-VLA-Simulations/install/hardware_interface/lib:/home/irman/Humanoid-VLA-Simulations/install/controller_manager_msgs/lib:/home/irman/micromamba/envs/ros2_env/opt/rviz_ogre_vendor/lib:/home/irman/micromamba/envs/ros2_env/lib/gazebo-11/plugins:/home/irman/micromamba/envs/ros2_env/lib/gazebo-11/plugins PYTHONPATH=/home/irman/Humanoid-VLA-Simulations/install/controller_manager/lib/python3.11/site-packages:/home/irman/Humanoid-VLA-Simulations/install/controller_manager_msgs/lib/python3.11/site-packages:${PYTHONPATH} /home/irman/micromamba/envs/ros2_env/bin/cmake --build /home/irman/Humanoid-VLA-Simulations/build/g1_controller -- -j16 -l16
[1.521s] colcon.colcon_core.event_handler.log_command DEBUG Invoking command in '/home/irman/Humanoid-VLA-Simulations/build/g1_controller': AMENT_PREFIX_PATH=/home/irman/Humanoid-VLA-Simulations/install/joint_trajectory_controller:/home/irman/Humanoid-VLA-Simulations/install/joint_state_broadcaster:/home/irman/Humanoid-VLA-Simulations/install/controller_manager:/home/irman/Humanoid-VLA-Simulations/install/hardware_interface_testing:/home/irman/Humanoid-VLA-Simulations/install/controller_interface:/home/irman/Humanoid-VLA-Simulations/install/hardware_interface:/home/irman/Humanoid-VLA-Simulations/install/ros2_control_test_assets:/home/irman/Humanoid-VLA-Simulations/install/controller_manager_msgs:${AMENT_PREFIX_PATH} CMAKE_PREFIX_PATH=/home/irman/Humanoid-VLA-Simulations/install/joint_trajectory_controller:/home/irman/Humanoid-VLA-Simulations/install/joint_state_broadcaster:/home/irman/Humanoid-VLA-Simulations/install/controller_manager:/home/irman/Humanoid-VLA-Simulations/install/hardware_interface_testing:/home/irman/Humanoid-VLA-Simulations/install/controller_interface:/home/irman/Humanoid-VLA-Simulations/install/hardware_interface:/home/irman/Humanoid-VLA-Simulations/install/ros2_control_test_assets:/home/irman/Humanoid-VLA-Simulations/install/controller_manager_msgs:${CMAKE_PREFIX_PATH} CONDA_PROMPT_MODIFIER=(ros2_env) DEBUGINFOD_URLS=https://debuginfod.ubuntu.com LD_LIBRARY_PATH=/home/irman/Humanoid-VLA-Simulations/install/joint_trajectory_controller/lib:/home/irman/Humanoid-VLA-Simulations/install/joint_state_broadcaster/lib:/home/irman/Humanoid-VLA-Simulations/install/controller_manager/lib:/home/irman/Humanoid-VLA-Simulations/install/hardware_interface_testing/lib:/home/irman/Humanoid-VLA-Simulations/install/controller_interface/lib:/home/irman/Humanoid-VLA-Simulations/install/hardware_interface/lib:/home/irman/Humanoid-VLA-Simulations/install/controller_manager_msgs/lib:/home/irman/micromamba/envs/ros2_env/opt/rviz_ogre_vendor/lib:/home/irman/micromamba/envs/ros2_env/lib/gazebo-11/plugins:/home/irman/micromamba/envs/ros2_env/lib/gazebo-11/plugins PYTHONPATH=/home/irman/Humanoid-VLA-Simulations/install/controller_manager/lib/python3.11/site-packages:/home/irman/Humanoid-VLA-Simulations/install/controller_manager_msgs/lib/python3.11/site-packages:${PYTHONPATH} /home/irman/micromamba/envs/ros2_env/bin/cmake --install /home/irman/Humanoid-VLA-Simulations/build/g1_controller
[1.581s] colcon.colcon_core.environment Level 1 create_environment_scripts_only(g1_controller)
[1.583s] colcon.colcon_core.event_handler.log_command DEBUG Invoked command in '/home/irman/Humanoid-VLA-Simulations/build/g1_controller' returned '0': AMENT_PREFIX_PATH=/home/irman/Humanoid-VLA-Simulations/install/joint_trajectory_controller:/home/irman/Humanoid-VLA-Simulations/install/joint_state_broadcaster:/home/irman/Humanoid-VLA-Simulations/install/controller_manager:/home/irman/Humanoid-VLA-Simulations/install/hardware_interface_testing:/home/irman/Humanoid-VLA-Simulations/install/controller_interface:/home/irman/Humanoid-VLA-Simulations/install/hardware_interface:/home/irman/Humanoid-VLA-Simulations/install/ros2_control_test_assets:/home/irman/Humanoid-VLA-Simulations/install/controller_manager_msgs:${AMENT_PREFIX_PATH} CMAKE_PREFIX_PATH=/home/irman/Humanoid-VLA-Simulations/install/joint_trajectory_controller:/home/irman/Humanoid-VLA-Simulations/install/joint_state_broadcaster:/home/irman/Humanoid-VLA-Simulations/install/controller_manager:/home/irman/Humanoid-VLA-Simulations/install/hardware_interface_testing:/home/irman/Humanoid-VLA-Simulations/install/controller_interface:/home/irman/Humanoid-VLA-Simulations/install/hardware_interface:/home/irman/Humanoid-VLA-Simulations/install/ros2_control_test_assets:/home/irman/Humanoid-VLA-Simulations/install/controller_manager_msgs:${CMAKE_PREFIX_PATH} CONDA_PROMPT_MODIFIER=(ros2_env) DEBUGINFOD_URLS=https://debuginfod.ubuntu.com LD_LIBRARY_PATH=/home/irman/Humanoid-VLA-Simulations/install/joint_trajectory_controller/lib:/home/irman/Humanoid-VLA-Simulations/install/joint_state_broadcaster/lib:/home/irman/Humanoid-VLA-Simulations/install/controller_manager/lib:/home/irman/Humanoid-VLA-Simulations/install/hardware_interface_testing/lib:/home/irman/Humanoid-VLA-Simulations/install/controller_interface/lib:/home/irman/Humanoid-VLA-Simulations/install/hardware_interface/lib:/home/irman/Humanoid-VLA-Simulations/install/controller_manager_msgs/lib:/home/irman/micromamba/envs/ros2_env/opt/rviz_ogre_vendor/lib:/home/irman/micromamba/envs/ros2_env/lib/gazebo-11/plugins:/home/irman/micromamba/envs/ros2_env/lib/gazebo-11/plugins PYTHONPATH=/home/irman/Humanoid-VLA-Simulations/install/controller_manager/lib/python3.11/site-packages:/home/irman/Humanoid-VLA-Simulations/install/controller_manager_msgs/lib/python3.11/site-packages:${PYTHONPATH} /home/irman/micromamba/envs/ros2_env/bin/cmake --install /home/irman/Humanoid-VLA-Simulations/build/g1_controller
[1.585s] colcon.colcon_core.environment Level 1 checking '/home/irman/Humanoid-VLA-Simulations/install/g1_controller' for CMake module files
[1.585s] colcon.colcon_core.environment Level 1 checking '/home/irman/Humanoid-VLA-Simulations/install/g1_controller' for CMake config files
[1.586s] colcon.colcon_core.shell Level 1 create_environment_hook('g1_controller', 'cmake_prefix_path')
[1.586s] colcon.colcon_core.shell INFO Creating environment hook '/home/irman/Humanoid-VLA-Simulations/install/g1_controller/share/g1_controller/hook/cmake_prefix_path.ps1'
[1.587s] colcon.colcon_core.shell INFO Creating environment descriptor '/home/irman/Humanoid-VLA-Simulations/install/g1_controller/share/g1_controller/hook/cmake_prefix_path.dsv'
[1.587s] colcon.colcon_core.shell INFO Creating environment hook '/home/irman/Humanoid-VLA-Simulations/install/g1_controller/share/g1_controller/hook/cmake_prefix_path.sh'
[1.588s] colcon.colcon_core.environment Level 1 checking '/home/irman/Humanoid-VLA-Simulations/install/g1_controller/lib'
[1.588s] colcon.colcon_core.environment Level 1 checking '/home/irman/Humanoid-VLA-Simulations/install/g1_controller/bin'
[1.588s] colcon.colcon_core.environment Level 1 checking '/home/irman/Humanoid-VLA-Simulations/install/g1_controller/lib/pkgconfig/g1_controller.pc'
[1.589s] colcon.colcon_core.environment Level 1 checking '/home/irman/Humanoid-VLA-Simulations/install/g1_controller/lib/python3.11/site-packages'
[1.589s] colcon.colcon_core.shell Level 1 create_environment_hook('g1_controller', 'pythonpath')
[1.590s] colcon.colcon_core.shell INFO Creating environment hook '/home/irman/Humanoid-VLA-Simulations/install/g1_controller/share/g1_controller/hook/pythonpath.ps1'
[1.590s] colcon.colcon_core.shell INFO Creating environment descriptor '/home/irman/Humanoid-VLA-Simulations/install/g1_controller/share/g1_controller/hook/pythonpath.dsv'
[1.590s] colcon.colcon_core.shell INFO Creating environment hook '/home/irman/Humanoid-VLA-Simulations/install/g1_controller/share/g1_controller/hook/pythonpath.sh'
[1.591s] colcon.colcon_core.environment Level 1 checking '/home/irman/Humanoid-VLA-Simulations/install/g1_controller/bin'
[1.591s] colcon.colcon_core.shell INFO Creating package script '/home/irman/Humanoid-VLA-Simulations/install/g1_controller/share/g1_controller/package.ps1'
[1.592s] colcon.colcon_core.shell INFO Creating package descriptor '/home/irman/Humanoid-VLA-Simulations/install/g1_controller/share/g1_controller/package.dsv'
[1.592s] colcon.colcon_core.shell INFO Creating package script '/home/irman/Humanoid-VLA-Simulations/install/g1_controller/share/g1_controller/package.sh'
[1.592s] colcon.colcon_core.shell INFO Creating package script '/home/irman/Humanoid-VLA-Simulations/install/g1_controller/share/g1_controller/package.bash'
[1.593s] colcon.colcon_core.shell INFO Creating package script '/home/irman/Humanoid-VLA-Simulations/install/g1_controller/share/g1_controller/package.zsh'
[1.593s] colcon.colcon_core.environment Level 1 create_file_with_runtime_dependencies(/home/irman/Humanoid-VLA-Simulations/install/g1_controller/share/colcon-core/packages/g1_controller)
[1.594s] colcon.colcon_core.environment Level 1 create_environment_scripts_only(g1_controller)
[1.594s] colcon.colcon_core.environment Level 1 checking '/home/irman/Humanoid-VLA-Simulations/install/g1_controller' for CMake module files
[1.594s] colcon.colcon_core.environment Level 1 checking '/home/irman/Humanoid-VLA-Simulations/install/g1_controller' for CMake config files
[1.594s] colcon.colcon_core.shell Level 1 create_environment_hook('g1_controller', 'cmake_prefix_path')
[1.595s] colcon.colcon_core.shell INFO Creating environment hook '/home/irman/Humanoid-VLA-Simulations/install/g1_controller/share/g1_controller/hook/cmake_prefix_path.ps1'
[1.595s] colcon.colcon_core.shell INFO Creating environment descriptor '/home/irman/Humanoid-VLA-Simulations/install/g1_controller/share/g1_controller/hook/cmake_prefix_path.dsv'
[1.595s] colcon.colcon_core.shell INFO Creating environment hook '/home/irman/Humanoid-VLA-Simulations/install/g1_controller/share/g1_controller/hook/cmake_prefix_path.sh'
[1.595s] colcon.colcon_core.environment Level 1 checking '/home/irman/Humanoid-VLA-Simulations/install/g1_controller/lib'
[1.595s] colcon.colcon_core.environment Level 1 checking '/home/irman/Humanoid-VLA-Simulations/install/g1_controller/bin'
[1.595s] colcon.colcon_core.environment Level 1 checking '/home/irman/Humanoid-VLA-Simulations/install/g1_controller/lib/pkgconfig/g1_controller.pc'
[1.596s] colcon.colcon_core.environment Level 1 checking '/home/irman/Humanoid-VLA-Simulations/install/g1_controller/lib/python3.11/site-packages'
[1.596s] colcon.colcon_core.shell Level 1 create_environment_hook('g1_controller', 'pythonpath')
[1.596s] colcon.colcon_core.shell INFO Creating environment hook '/home/irman/Humanoid-VLA-Simulations/install/g1_controller/share/g1_controller/hook/pythonpath.ps1'
[1.596s] colcon.colcon_core.shell INFO Creating environment descriptor '/home/irman/Humanoid-VLA-Simulations/install/g1_controller/share/g1_controller/hook/pythonpath.dsv'
[1.596s] colcon.colcon_core.shell INFO Creating environment hook '/home/irman/Humanoid-VLA-Simulations/install/g1_controller/share/g1_controller/hook/pythonpath.sh'
[1.597s] colcon.colcon_core.environment Level 1 checking '/home/irman/Humanoid-VLA-Simulations/install/g1_controller/bin'
[1.597s] colcon.colcon_core.shell INFO Creating package script '/home/irman/Humanoid-VLA-Simulations/install/g1_controller/share/g1_controller/package.ps1'
[1.597s] colcon.colcon_core.shell INFO Creating package descriptor '/home/irman/Humanoid-VLA-Simulations/install/g1_controller/share/g1_controller/package.dsv'
[1.597s] colcon.colcon_core.shell INFO Creating package script '/home/irman/Humanoid-VLA-Simulations/install/g1_controller/share/g1_controller/package.sh'
[1.598s] colcon.colcon_core.shell INFO Creating package script '/home/irman/Humanoid-VLA-Simulations/install/g1_controller/share/g1_controller/package.bash'
[1.598s] colcon.colcon_core.shell INFO Creating package script '/home/irman/Humanoid-VLA-Simulations/install/g1_controller/share/g1_controller/package.zsh'
[1.598s] colcon.colcon_core.environment Level 1 create_file_with_runtime_dependencies(/home/irman/Humanoid-VLA-Simulations/install/g1_controller/share/colcon-core/packages/g1_controller)
[1.599s] colcon.colcon_parallel_executor.executor.parallel DEBUG closing loop
[1.599s] colcon.colcon_parallel_executor.executor.parallel DEBUG loop closed
[1.599s] colcon.colcon_parallel_executor.executor.parallel DEBUG run_until_complete finished with '0'
[1.599s] colcon.colcon_core.event_reactor DEBUG joining thread
[1.600s] colcon.colcon_core.event_reactor DEBUG joined thread
[1.600s] colcon.colcon_core.shell INFO Creating prefix script '/home/irman/Humanoid-VLA-Simulations/install/local_setup.ps1'
[1.601s] colcon.colcon_core.shell INFO Creating prefix util module '/home/irman/Humanoid-VLA-Simulations/install/_local_setup_util_ps1.py'
[1.601s] colcon.colcon_core.shell INFO Creating prefix chain script '/home/irman/Humanoid-VLA-Simulations/install/setup.ps1'
[1.602s] colcon.colcon_core.shell INFO Creating prefix script '/home/irman/Humanoid-VLA-Simulations/install/local_setup.sh'
[1.602s] colcon.colcon_core.shell INFO Creating prefix util module '/home/irman/Humanoid-VLA-Simulations/install/_local_setup_util_sh.py'
[1.603s] colcon.colcon_core.shell INFO Creating prefix chain script '/home/irman/Humanoid-VLA-Simulations/install/setup.sh'
[1.603s] colcon.colcon_core.shell INFO Creating prefix script '/home/irman/Humanoid-VLA-Simulations/install/local_setup.bash'
[1.604s] colcon.colcon_core.shell INFO Creating prefix chain script '/home/irman/Humanoid-VLA-Simulations/install/setup.bash'
[1.604s] colcon.colcon_core.shell INFO Creating prefix script '/home/irman/Humanoid-VLA-Simulations/install/local_setup.zsh'
[1.604s] colcon.colcon_core.shell INFO Creating prefix chain script '/home/irman/Humanoid-VLA-Simulations/install/setup.zsh'
