[0.069s] Invoking command in '/home/irman/Humanoid-VLA-Simulations/build/g1_controller': AMENT_PREFIX_PATH=/home/irman/Humanoid-VLA-Simulations/install/joint_trajectory_controller:/home/irman/Humanoid-VLA-Simulations/install/joint_state_broadcaster:/home/irman/Humanoid-VLA-Simulations/install/controller_manager:/home/irman/Humanoid-VLA-Simulations/install/hardware_interface_testing:/home/irman/Humanoid-VLA-Simulations/install/controller_interface:/home/irman/Humanoid-VLA-Simulations/install/hardware_interface:/home/irman/Humanoid-VLA-Simulations/install/ros2_control_test_assets:/home/irman/Humanoid-VLA-Simulations/install/controller_manager_msgs:${AMENT_PREFIX_PATH} CMAKE_PREFIX_PATH=/home/irman/Humanoid-VLA-Simulations/install/joint_trajectory_controller:/home/irman/Humanoid-VLA-Simulations/install/joint_state_broadcaster:/home/irman/Humanoid-VLA-Simulations/install/controller_manager:/home/irman/Humanoid-VLA-Simulations/install/hardware_interface_testing:/home/irman/Humanoid-VLA-Simulations/install/controller_interface:/home/irman/Humanoid-VLA-Simulations/install/hardware_interface:/home/irman/Humanoid-VLA-Simulations/install/ros2_control_test_assets:/home/irman/Humanoid-VLA-Simulations/install/controller_manager_msgs:${CMAKE_PREFIX_PATH} CONDA_PROMPT_MODIFIER=(ros2_env) DEBUGINFOD_URLS=https://debuginfod.ubuntu.com LD_LIBRARY_PATH=/home/irman/Humanoid-VLA-Simulations/install/joint_trajectory_controller/lib:/home/irman/Humanoid-VLA-Simulations/install/joint_state_broadcaster/lib:/home/irman/Humanoid-VLA-Simulations/install/controller_manager/lib:/home/irman/Humanoid-VLA-Simulations/install/hardware_interface_testing/lib:/home/irman/Humanoid-VLA-Simulations/install/controller_interface/lib:/home/irman/Humanoid-VLA-Simulations/install/hardware_interface/lib:/home/irman/Humanoid-VLA-Simulations/install/controller_manager_msgs/lib:/home/irman/micromamba/envs/ros2_env/opt/rviz_ogre_vendor/lib:/home/irman/micromamba/envs/ros2_env/lib/gazebo-11/plugins:/home/irman/micromamba/envs/ros2_env/lib/gazebo-11/plugins PYTHONPATH=/home/irman/Humanoid-VLA-Simulations/install/controller_manager/lib/python3.11/site-packages:/home/irman/Humanoid-VLA-Simulations/install/controller_manager_msgs/lib/python3.11/site-packages:${PYTHONPATH} /home/irman/micromamba/envs/ros2_env/bin/cmake --build /home/irman/Humanoid-VLA-Simulations/build/g1_controller -- -j16 -l16
[0.100s] CMake Deprecation Warning at CMakeLists.txt:1 (cmake_minimum_required):
[0.100s]   Compatibility with CMake < 3.10 will be removed from a future version of
[0.100s]   CMake.
[0.100s] 
[0.100s]   Update the VERSION argument <min> value.  Or, use the <min>...<max> syntax
[0.100s]   to tell CMake that the project requires at least <min> but has been updated
[0.100s]   to work with policies introduced by <max> or earlier.
[0.100s] 
[0.100s] 
[0.107s] -- Found ament_cmake: 1.3.12 (/home/irman/micromamba/envs/ros2_env/share/ament_cmake/cmake)
[0.501s] -- Found rclpy: 3.3.16 (/home/irman/micromamba/envs/ros2_env/share/rclpy/cmake)
[0.651s] -- Found ament_lint_auto: 0.12.12 (/home/irman/micromamba/envs/ros2_env/share/ament_lint_auto/cmake)
[0.775s] -- Added test 'copyright' to check source files copyright and LICENSE
[0.777s] -- Added test 'flake8' to check Python code syntax and style conventions
[0.778s] -- Added test 'lint_cmake' to check CMake code style
[0.778s] -- Added test 'pep257' to check Python code against some of the docstring style conventions in PEP 257
[0.779s] -- Added test 'xmllint' to check XML markup files
[0.780s] -- Configuring done (0.7s)
[0.787s] -- Generating done (0.0s)
[0.789s] -- Build files have been written to: /home/irman/Humanoid-VLA-Simulations/build/g1_controller
[0.849s] Built target ament_cmake_python_copy_g1_controller
[1.066s] running egg_info
[1.079s] writing g1_controller.egg-info/PKG-INFO
[1.079s] writing dependency_links to g1_controller.egg-info/dependency_links.txt
[1.080s] writing top-level names to g1_controller.egg-info/top_level.txt
[1.115s] reading manifest file 'g1_controller.egg-info/SOURCES.txt'
[1.115s] writing manifest file 'g1_controller.egg-info/SOURCES.txt'
[1.186s] Built target ament_cmake_python_build_g1_controller_egg
[1.200s] Invoked command in '/home/irman/Humanoid-VLA-Simulations/build/g1_controller' returned '0': AMENT_PREFIX_PATH=/home/irman/Humanoid-VLA-Simulations/install/joint_trajectory_controller:/home/irman/Humanoid-VLA-Simulations/install/joint_state_broadcaster:/home/irman/Humanoid-VLA-Simulations/install/controller_manager:/home/irman/Humanoid-VLA-Simulations/install/hardware_interface_testing:/home/irman/Humanoid-VLA-Simulations/install/controller_interface:/home/irman/Humanoid-VLA-Simulations/install/hardware_interface:/home/irman/Humanoid-VLA-Simulations/install/ros2_control_test_assets:/home/irman/Humanoid-VLA-Simulations/install/controller_manager_msgs:${AMENT_PREFIX_PATH} CMAKE_PREFIX_PATH=/home/irman/Humanoid-VLA-Simulations/install/joint_trajectory_controller:/home/irman/Humanoid-VLA-Simulations/install/joint_state_broadcaster:/home/irman/Humanoid-VLA-Simulations/install/controller_manager:/home/irman/Humanoid-VLA-Simulations/install/hardware_interface_testing:/home/irman/Humanoid-VLA-Simulations/install/controller_interface:/home/irman/Humanoid-VLA-Simulations/install/hardware_interface:/home/irman/Humanoid-VLA-Simulations/install/ros2_control_test_assets:/home/irman/Humanoid-VLA-Simulations/install/controller_manager_msgs:${CMAKE_PREFIX_PATH} CONDA_PROMPT_MODIFIER=(ros2_env) DEBUGINFOD_URLS=https://debuginfod.ubuntu.com LD_LIBRARY_PATH=/home/irman/Humanoid-VLA-Simulations/install/joint_trajectory_controller/lib:/home/irman/Humanoid-VLA-Simulations/install/joint_state_broadcaster/lib:/home/irman/Humanoid-VLA-Simulations/install/controller_manager/lib:/home/irman/Humanoid-VLA-Simulations/install/hardware_interface_testing/lib:/home/irman/Humanoid-VLA-Simulations/install/controller_interface/lib:/home/irman/Humanoid-VLA-Simulations/install/hardware_interface/lib:/home/irman/Humanoid-VLA-Simulations/install/controller_manager_msgs/lib:/home/irman/micromamba/envs/ros2_env/opt/rviz_ogre_vendor/lib:/home/irman/micromamba/envs/ros2_env/lib/gazebo-11/plugins:/home/irman/micromamba/envs/ros2_env/lib/gazebo-11/plugins PYTHONPATH=/home/irman/Humanoid-VLA-Simulations/install/controller_manager/lib/python3.11/site-packages:/home/irman/Humanoid-VLA-Simulations/install/controller_manager_msgs/lib/python3.11/site-packages:${PYTHONPATH} /home/irman/micromamba/envs/ros2_env/bin/cmake --build /home/irman/Humanoid-VLA-Simulations/build/g1_controller -- -j16 -l16
[1.212s] Invoking command in '/home/irman/Humanoid-VLA-Simulations/build/g1_controller': AMENT_PREFIX_PATH=/home/irman/Humanoid-VLA-Simulations/install/joint_trajectory_controller:/home/irman/Humanoid-VLA-Simulations/install/joint_state_broadcaster:/home/irman/Humanoid-VLA-Simulations/install/controller_manager:/home/irman/Humanoid-VLA-Simulations/install/hardware_interface_testing:/home/irman/Humanoid-VLA-Simulations/install/controller_interface:/home/irman/Humanoid-VLA-Simulations/install/hardware_interface:/home/irman/Humanoid-VLA-Simulations/install/ros2_control_test_assets:/home/irman/Humanoid-VLA-Simulations/install/controller_manager_msgs:${AMENT_PREFIX_PATH} CMAKE_PREFIX_PATH=/home/irman/Humanoid-VLA-Simulations/install/joint_trajectory_controller:/home/irman/Humanoid-VLA-Simulations/install/joint_state_broadcaster:/home/irman/Humanoid-VLA-Simulations/install/controller_manager:/home/irman/Humanoid-VLA-Simulations/install/hardware_interface_testing:/home/irman/Humanoid-VLA-Simulations/install/controller_interface:/home/irman/Humanoid-VLA-Simulations/install/hardware_interface:/home/irman/Humanoid-VLA-Simulations/install/ros2_control_test_assets:/home/irman/Humanoid-VLA-Simulations/install/controller_manager_msgs:${CMAKE_PREFIX_PATH} CONDA_PROMPT_MODIFIER=(ros2_env) DEBUGINFOD_URLS=https://debuginfod.ubuntu.com LD_LIBRARY_PATH=/home/irman/Humanoid-VLA-Simulations/install/joint_trajectory_controller/lib:/home/irman/Humanoid-VLA-Simulations/install/joint_state_broadcaster/lib:/home/irman/Humanoid-VLA-Simulations/install/controller_manager/lib:/home/irman/Humanoid-VLA-Simulations/install/hardware_interface_testing/lib:/home/irman/Humanoid-VLA-Simulations/install/controller_interface/lib:/home/irman/Humanoid-VLA-Simulations/install/hardware_interface/lib:/home/irman/Humanoid-VLA-Simulations/install/controller_manager_msgs/lib:/home/irman/micromamba/envs/ros2_env/opt/rviz_ogre_vendor/lib:/home/irman/micromamba/envs/ros2_env/lib/gazebo-11/plugins:/home/irman/micromamba/envs/ros2_env/lib/gazebo-11/plugins PYTHONPATH=/home/irman/Humanoid-VLA-Simulations/install/controller_manager/lib/python3.11/site-packages:/home/irman/Humanoid-VLA-Simulations/install/controller_manager_msgs/lib/python3.11/site-packages:${PYTHONPATH} /home/irman/micromamba/envs/ros2_env/bin/cmake --install /home/irman/Humanoid-VLA-Simulations/build/g1_controller
[1.220s] -- Install configuration: ""
[1.220s] -- Up-to-date: /home/irman/Humanoid-VLA-Simulations/install/g1_controller/share/g1_controller/environment/pythonpath.sh
[1.220s] -- Installing: /home/irman/Humanoid-VLA-Simulations/install/g1_controller/share/g1_controller/environment/pythonpath.dsv
[1.220s] -- Up-to-date: /home/irman/Humanoid-VLA-Simulations/install/g1_controller/lib/python3.11/site-packages/g1_controller-0.1.0-py3.11.egg-info
[1.220s] -- Installing: /home/irman/Humanoid-VLA-Simulations/install/g1_controller/lib/python3.11/site-packages/g1_controller-0.1.0-py3.11.egg-info/dependency_links.txt
[1.221s] -- Installing: /home/irman/Humanoid-VLA-Simulations/install/g1_controller/lib/python3.11/site-packages/g1_controller-0.1.0-py3.11.egg-info/SOURCES.txt
[1.221s] -- Installing: /home/irman/Humanoid-VLA-Simulations/install/g1_controller/lib/python3.11/site-packages/g1_controller-0.1.0-py3.11.egg-info/top_level.txt
[1.221s] -- Installing: /home/irman/Humanoid-VLA-Simulations/install/g1_controller/lib/python3.11/site-packages/g1_controller-0.1.0-py3.11.egg-info/PKG-INFO
[1.221s] -- Up-to-date: /home/irman/Humanoid-VLA-Simulations/install/g1_controller/lib/python3.11/site-packages/g1_controller
[1.221s] -- Up-to-date: /home/irman/Humanoid-VLA-Simulations/install/g1_controller/lib/python3.11/site-packages/g1_controller/__init__.py
[1.260s] Listing 'lib/python3.11/site-packages/g1_controller'...
[1.260s] Can't list 'lib/python3.11/site-packages/g1_controller'
[1.268s] -- Up-to-date: /home/irman/Humanoid-VLA-Simulations/install/g1_controller/lib/g1_controller/stand_controller.py
[1.268s] -- Up-to-date: /home/irman/Humanoid-VLA-Simulations/install/g1_controller/lib/g1_controller/zero_pose_controller.py
[1.268s] -- Up-to-date: /home/irman/Humanoid-VLA-Simulations/install/g1_controller/lib/g1_controller/gui_controller.py
[1.268s] -- Up-to-date: /home/irman/Humanoid-VLA-Simulations/install/g1_controller/lib/g1_controller/ros2_control_gui.py
[1.268s] -- Up-to-date: /home/irman/Humanoid-VLA-Simulations/install/g1_controller/lib/g1_controller/wasd_controller.py
[1.268s] -- Installing: /home/irman/Humanoid-VLA-Simulations/install/g1_controller/lib/g1_controller/mujoco_g1_simulator.py
[1.269s] -- Installing: /home/irman/Humanoid-VLA-Simulations/install/g1_controller/lib/g1_controller/mujoco_wasd_controller.py
[1.269s] -- Installing: /home/irman/Humanoid-VLA-Simulations/install/g1_controller/lib/g1_controller/mujoco_wasd_controller_v2.py
[1.269s] -- Up-to-date: /home/irman/Humanoid-VLA-Simulations/install/g1_controller/lib/g1_controller/mujoco_rl_env.py
[1.269s] -- Up-to-date: /home/irman/Humanoid-VLA-Simulations/install/g1_controller/share/g1_controller/config
[1.269s] -- Up-to-date: /home/irman/Humanoid-VLA-Simulations/install/g1_controller/share/g1_controller/config/g1_controllers.yaml
[1.270s] -- Up-to-date: /home/irman/Humanoid-VLA-Simulations/install/g1_controller/share/g1_controller/launch
[1.270s] -- Up-to-date: /home/irman/Humanoid-VLA-Simulations/install/g1_controller/share/g1_controller/launch/robot_wasd_control.launch.py
[1.270s] -- Up-to-date: /home/irman/Humanoid-VLA-Simulations/install/g1_controller/share/g1_controller/launch/robot_with_controller.launch.py
[1.270s] -- Up-to-date: /home/irman/Humanoid-VLA-Simulations/install/g1_controller/share/g1_controller/launch/robot_ros2_control_gui.launch.py
[1.270s] -- Up-to-date: /home/irman/Humanoid-VLA-Simulations/install/g1_controller/share/g1_controller/launch/robot_with_gui.launch.py
[1.270s] -- Up-to-date: /home/irman/Humanoid-VLA-Simulations/install/g1_controller/share/ament_index/resource_index/package_run_dependencies/g1_controller
[1.271s] -- Up-to-date: /home/irman/Humanoid-VLA-Simulations/install/g1_controller/share/ament_index/resource_index/parent_prefix_path/g1_controller
[1.271s] -- Up-to-date: /home/irman/Humanoid-VLA-Simulations/install/g1_controller/share/g1_controller/environment/ament_prefix_path.sh
[1.271s] -- Installing: /home/irman/Humanoid-VLA-Simulations/install/g1_controller/share/g1_controller/environment/ament_prefix_path.dsv
[1.271s] -- Up-to-date: /home/irman/Humanoid-VLA-Simulations/install/g1_controller/share/g1_controller/environment/path.sh
[1.271s] -- Installing: /home/irman/Humanoid-VLA-Simulations/install/g1_controller/share/g1_controller/environment/path.dsv
[1.271s] -- Up-to-date: /home/irman/Humanoid-VLA-Simulations/install/g1_controller/share/g1_controller/local_setup.bash
[1.271s] -- Up-to-date: /home/irman/Humanoid-VLA-Simulations/install/g1_controller/share/g1_controller/local_setup.sh
[1.271s] -- Up-to-date: /home/irman/Humanoid-VLA-Simulations/install/g1_controller/share/g1_controller/local_setup.zsh
[1.271s] -- Installing: /home/irman/Humanoid-VLA-Simulations/install/g1_controller/share/g1_controller/local_setup.dsv
[1.271s] -- Installing: /home/irman/Humanoid-VLA-Simulations/install/g1_controller/share/g1_controller/package.dsv
[1.271s] -- Up-to-date: /home/irman/Humanoid-VLA-Simulations/install/g1_controller/share/ament_index/resource_index/packages/g1_controller
[1.271s] -- Up-to-date: /home/irman/Humanoid-VLA-Simulations/install/g1_controller/share/g1_controller/cmake/g1_controllerConfig.cmake
[1.271s] -- Up-to-date: /home/irman/Humanoid-VLA-Simulations/install/g1_controller/share/g1_controller/cmake/g1_controllerConfig-version.cmake
[1.271s] -- Up-to-date: /home/irman/Humanoid-VLA-Simulations/install/g1_controller/share/g1_controller/package.xml
[1.274s] Invoked command in '/home/irman/Humanoid-VLA-Simulations/build/g1_controller' returned '0': AMENT_PREFIX_PATH=/home/irman/Humanoid-VLA-Simulations/install/joint_trajectory_controller:/home/irman/Humanoid-VLA-Simulations/install/joint_state_broadcaster:/home/irman/Humanoid-VLA-Simulations/install/controller_manager:/home/irman/Humanoid-VLA-Simulations/install/hardware_interface_testing:/home/irman/Humanoid-VLA-Simulations/install/controller_interface:/home/irman/Humanoid-VLA-Simulations/install/hardware_interface:/home/irman/Humanoid-VLA-Simulations/install/ros2_control_test_assets:/home/irman/Humanoid-VLA-Simulations/install/controller_manager_msgs:${AMENT_PREFIX_PATH} CMAKE_PREFIX_PATH=/home/irman/Humanoid-VLA-Simulations/install/joint_trajectory_controller:/home/irman/Humanoid-VLA-Simulations/install/joint_state_broadcaster:/home/irman/Humanoid-VLA-Simulations/install/controller_manager:/home/irman/Humanoid-VLA-Simulations/install/hardware_interface_testing:/home/irman/Humanoid-VLA-Simulations/install/controller_interface:/home/irman/Humanoid-VLA-Simulations/install/hardware_interface:/home/irman/Humanoid-VLA-Simulations/install/ros2_control_test_assets:/home/irman/Humanoid-VLA-Simulations/install/controller_manager_msgs:${CMAKE_PREFIX_PATH} CONDA_PROMPT_MODIFIER=(ros2_env) DEBUGINFOD_URLS=https://debuginfod.ubuntu.com LD_LIBRARY_PATH=/home/irman/Humanoid-VLA-Simulations/install/joint_trajectory_controller/lib:/home/irman/Humanoid-VLA-Simulations/install/joint_state_broadcaster/lib:/home/irman/Humanoid-VLA-Simulations/install/controller_manager/lib:/home/irman/Humanoid-VLA-Simulations/install/hardware_interface_testing/lib:/home/irman/Humanoid-VLA-Simulations/install/controller_interface/lib:/home/irman/Humanoid-VLA-Simulations/install/hardware_interface/lib:/home/irman/Humanoid-VLA-Simulations/install/controller_manager_msgs/lib:/home/irman/micromamba/envs/ros2_env/opt/rviz_ogre_vendor/lib:/home/irman/micromamba/envs/ros2_env/lib/gazebo-11/plugins:/home/irman/micromamba/envs/ros2_env/lib/gazebo-11/plugins PYTHONPATH=/home/irman/Humanoid-VLA-Simulations/install/controller_manager/lib/python3.11/site-packages:/home/irman/Humanoid-VLA-Simulations/install/controller_manager_msgs/lib/python3.11/site-packages:${PYTHONPATH} /home/irman/micromamba/envs/ros2_env/bin/cmake --install /home/irman/Humanoid-VLA-Simulations/build/g1_controller
