[0.022s] Invoking command in '/home/irman/Humanoid-VLA-Simulations/build/g1_controller': AMENT_PREFIX_PATH=/home/irman/Humanoid-VLA-Simulations/install/joint_trajectory_controller:/home/irman/Humanoid-VLA-Simulations/install/joint_state_broadcaster:/home/irman/Humanoid-VLA-Simulations/install/controller_manager:/home/irman/Humanoid-VLA-Simulations/install/hardware_interface_testing:/home/irman/Humanoid-VLA-Simulations/install/controller_interface:/home/irman/Humanoid-VLA-Simulations/install/hardware_interface:/home/irman/Humanoid-VLA-Simulations/install/ros2_control_test_assets:/home/irman/Humanoid-VLA-Simulations/install/controller_manager_msgs:${AMENT_PREFIX_PATH} CMAKE_PREFIX_PATH=/home/irman/Humanoid-VLA-Simulations/install/joint_trajectory_controller:/home/irman/Humanoid-VLA-Simulations/install/joint_state_broadcaster:/home/irman/Humanoid-VLA-Simulations/install/controller_manager:/home/irman/Humanoid-VLA-Simulations/install/hardware_interface_testing:/home/irman/Humanoid-VLA-Simulations/install/controller_interface:/home/irman/Humanoid-VLA-Simulations/install/hardware_interface:/home/irman/Humanoid-VLA-Simulations/install/ros2_control_test_assets:/home/irman/Humanoid-VLA-Simulations/install/controller_manager_msgs:${CMAKE_PREFIX_PATH} CONDA_PROMPT_MODIFIER=(ros2_env) DEBUGINFOD_URLS=https://debuginfod.ubuntu.com LD_LIBRARY_PATH=/home/irman/Humanoid-VLA-Simulations/install/joint_trajectory_controller/lib:/home/irman/Humanoid-VLA-Simulations/install/joint_state_broadcaster/lib:/home/irman/Humanoid-VLA-Simulations/install/controller_manager/lib:/home/irman/Humanoid-VLA-Simulations/install/hardware_interface_testing/lib:/home/irman/Humanoid-VLA-Simulations/install/controller_interface/lib:/home/irman/Humanoid-VLA-Simulations/install/hardware_interface/lib:/home/irman/Humanoid-VLA-Simulations/install/controller_manager_msgs/lib:/home/irman/micromamba/envs/ros2_env/opt/rviz_ogre_vendor/lib:/home/irman/micromamba/envs/ros2_env/lib/gazebo-11/plugins:/home/irman/micromamba/envs/ros2_env/lib/gazebo-11/plugins:/home/irman/micromamba/envs/ros2_env/lib/gazebo-11/plugins:/home/irman/micromamba/envs/ros2_env/lib/gazebo-11/plugins:/home/irman/micromamba/envs/ros2_env/lib/gazebo-11/plugins PYTHONPATH=/home/irman/Humanoid-VLA-Simulations/install/controller_manager/lib/python3.11/site-packages:/home/irman/Humanoid-VLA-Simulations/install/controller_manager_msgs/lib/python3.11/site-packages:${PYTHONPATH} /home/irman/micromamba/envs/ros2_env/bin/cmake /home/irman/Humanoid-VLA-Simulations/src/g1_controller -DCMAKE_INSTALL_PREFIX=/home/irman/Humanoid-VLA-Simulations/install/g1_controller
[0.030s] [0mCMake Deprecation Warning at CMakeLists.txt:1 (cmake_minimum_required):
[0.030s]   Compatibility with CMake < 3.10 will be removed from a future version of
[0.030s]   CMake.
[0.030s] 
[0.030s]   Update the VERSION argument <min> value.  Or, use the <min>...<max> syntax
[0.030s]   to tell CMake that the project requires at least <min> but has been updated
[0.031s]   to work with policies introduced by <max> or earlier.
[0.031s] 
[0.031s] [0m
[0.098s] -- The C compiler identification is GNU 14.3.0
[0.267s] -- The CXX compiler identification is GNU 14.3.0
[0.276s] -- Detecting C compiler ABI info
[0.345s] -- Detecting C compiler ABI info - done
[0.360s] -- Check for working C compiler: /home/irman/micromamba/envs/ros2_env/bin/x86_64-conda-linux-gnu-cc - skipped
[0.361s] -- Detecting C compile features
[0.361s] -- Detecting C compile features - done
[0.373s] -- Detecting CXX compiler ABI info
[0.456s] -- Detecting CXX compiler ABI info - done
[0.473s] -- Check for working CXX compiler: /home/irman/micromamba/envs/ros2_env/bin/x86_64-conda-linux-gnu-c++ - skipped
[0.473s] -- Detecting CXX compile features
[0.474s] -- Detecting CXX compile features - done
[0.488s] -- Found ament_cmake: 1.3.12 (/home/irman/micromamba/envs/ros2_env/share/ament_cmake/cmake)
[0.646s] -- Found Python3: /home/irman/micromamba/envs/ros2_env/bin/python3 (found version "3.11.14") found components: Interpreter
[0.791s] -- Found rclpy: 3.3.16 (/home/irman/micromamba/envs/ros2_env/share/rclpy/cmake)
[0.880s] -- Found ament_lint_auto: 0.12.12 (/home/irman/micromamba/envs/ros2_env/share/ament_lint_auto/cmake)
[0.998s] -- Added test 'copyright' to check source files copyright and LICENSE
[1.001s] -- Added test 'flake8' to check Python code syntax and style conventions
[1.002s] -- Added test 'lint_cmake' to check CMake code style
[1.003s] -- Added test 'pep257' to check Python code against some of the docstring style conventions in PEP 257
[1.004s] -- Added test 'xmllint' to check XML markup files
[1.006s] -- Configuring done (1.0s)
[1.010s] -- Generating done (0.0s)
[1.011s] -- Build files have been written to: /home/irman/Humanoid-VLA-Simulations/build/g1_controller
[1.017s] Invoked command in '/home/irman/Humanoid-VLA-Simulations/build/g1_controller' returned '0': AMENT_PREFIX_PATH=/home/irman/Humanoid-VLA-Simulations/install/joint_trajectory_controller:/home/irman/Humanoid-VLA-Simulations/install/joint_state_broadcaster:/home/irman/Humanoid-VLA-Simulations/install/controller_manager:/home/irman/Humanoid-VLA-Simulations/install/hardware_interface_testing:/home/irman/Humanoid-VLA-Simulations/install/controller_interface:/home/irman/Humanoid-VLA-Simulations/install/hardware_interface:/home/irman/Humanoid-VLA-Simulations/install/ros2_control_test_assets:/home/irman/Humanoid-VLA-Simulations/install/controller_manager_msgs:${AMENT_PREFIX_PATH} CMAKE_PREFIX_PATH=/home/irman/Humanoid-VLA-Simulations/install/joint_trajectory_controller:/home/irman/Humanoid-VLA-Simulations/install/joint_state_broadcaster:/home/irman/Humanoid-VLA-Simulations/install/controller_manager:/home/irman/Humanoid-VLA-Simulations/install/hardware_interface_testing:/home/irman/Humanoid-VLA-Simulations/install/controller_interface:/home/irman/Humanoid-VLA-Simulations/install/hardware_interface:/home/irman/Humanoid-VLA-Simulations/install/ros2_control_test_assets:/home/irman/Humanoid-VLA-Simulations/install/controller_manager_msgs:${CMAKE_PREFIX_PATH} CONDA_PROMPT_MODIFIER=(ros2_env) DEBUGINFOD_URLS=https://debuginfod.ubuntu.com LD_LIBRARY_PATH=/home/irman/Humanoid-VLA-Simulations/install/joint_trajectory_controller/lib:/home/irman/Humanoid-VLA-Simulations/install/joint_state_broadcaster/lib:/home/irman/Humanoid-VLA-Simulations/install/controller_manager/lib:/home/irman/Humanoid-VLA-Simulations/install/hardware_interface_testing/lib:/home/irman/Humanoid-VLA-Simulations/install/controller_interface/lib:/home/irman/Humanoid-VLA-Simulations/install/hardware_interface/lib:/home/irman/Humanoid-VLA-Simulations/install/controller_manager_msgs/lib:/home/irman/micromamba/envs/ros2_env/opt/rviz_ogre_vendor/lib:/home/irman/micromamba/envs/ros2_env/lib/gazebo-11/plugins:/home/irman/micromamba/envs/ros2_env/lib/gazebo-11/plugins:/home/irman/micromamba/envs/ros2_env/lib/gazebo-11/plugins:/home/irman/micromamba/envs/ros2_env/lib/gazebo-11/plugins:/home/irman/micromamba/envs/ros2_env/lib/gazebo-11/plugins PYTHONPATH=/home/irman/Humanoid-VLA-Simulations/install/controller_manager/lib/python3.11/site-packages:/home/irman/Humanoid-VLA-Simulations/install/controller_manager_msgs/lib/python3.11/site-packages:${PYTHONPATH} /home/irman/micromamba/envs/ros2_env/bin/cmake /home/irman/Humanoid-VLA-Simulations/src/g1_controller -DCMAKE_INSTALL_PREFIX=/home/irman/Humanoid-VLA-Simulations/install/g1_controller
[1.017s] Invoking command in '/home/irman/Humanoid-VLA-Simulations/build/g1_controller': AMENT_PREFIX_PATH=/home/irman/Humanoid-VLA-Simulations/install/joint_trajectory_controller:/home/irman/Humanoid-VLA-Simulations/install/joint_state_broadcaster:/home/irman/Humanoid-VLA-Simulations/install/controller_manager:/home/irman/Humanoid-VLA-Simulations/install/hardware_interface_testing:/home/irman/Humanoid-VLA-Simulations/install/controller_interface:/home/irman/Humanoid-VLA-Simulations/install/hardware_interface:/home/irman/Humanoid-VLA-Simulations/install/ros2_control_test_assets:/home/irman/Humanoid-VLA-Simulations/install/controller_manager_msgs:${AMENT_PREFIX_PATH} CMAKE_PREFIX_PATH=/home/irman/Humanoid-VLA-Simulations/install/joint_trajectory_controller:/home/irman/Humanoid-VLA-Simulations/install/joint_state_broadcaster:/home/irman/Humanoid-VLA-Simulations/install/controller_manager:/home/irman/Humanoid-VLA-Simulations/install/hardware_interface_testing:/home/irman/Humanoid-VLA-Simulations/install/controller_interface:/home/irman/Humanoid-VLA-Simulations/install/hardware_interface:/home/irman/Humanoid-VLA-Simulations/install/ros2_control_test_assets:/home/irman/Humanoid-VLA-Simulations/install/controller_manager_msgs:${CMAKE_PREFIX_PATH} CONDA_PROMPT_MODIFIER=(ros2_env) DEBUGINFOD_URLS=https://debuginfod.ubuntu.com LD_LIBRARY_PATH=/home/irman/Humanoid-VLA-Simulations/install/joint_trajectory_controller/lib:/home/irman/Humanoid-VLA-Simulations/install/joint_state_broadcaster/lib:/home/irman/Humanoid-VLA-Simulations/install/controller_manager/lib:/home/irman/Humanoid-VLA-Simulations/install/hardware_interface_testing/lib:/home/irman/Humanoid-VLA-Simulations/install/controller_interface/lib:/home/irman/Humanoid-VLA-Simulations/install/hardware_interface/lib:/home/irman/Humanoid-VLA-Simulations/install/controller_manager_msgs/lib:/home/irman/micromamba/envs/ros2_env/opt/rviz_ogre_vendor/lib:/home/irman/micromamba/envs/ros2_env/lib/gazebo-11/plugins:/home/irman/micromamba/envs/ros2_env/lib/gazebo-11/plugins:/home/irman/micromamba/envs/ros2_env/lib/gazebo-11/plugins:/home/irman/micromamba/envs/ros2_env/lib/gazebo-11/plugins:/home/irman/micromamba/envs/ros2_env/lib/gazebo-11/plugins PYTHONPATH=/home/irman/Humanoid-VLA-Simulations/install/controller_manager/lib/python3.11/site-packages:/home/irman/Humanoid-VLA-Simulations/install/controller_manager_msgs/lib/python3.11/site-packages:${PYTHONPATH} /home/irman/micromamba/envs/ros2_env/bin/cmake --build /home/irman/Humanoid-VLA-Simulations/build/g1_controller -- -j16 -l16
[1.057s] Built target ament_cmake_python_copy_g1_controller
[1.206s] running egg_info
[1.216s] creating g1_controller.egg-info
[1.216s] writing g1_controller.egg-info/PKG-INFO
[1.217s] writing dependency_links to g1_controller.egg-info/dependency_links.txt
[1.217s] writing top-level names to g1_controller.egg-info/top_level.txt
[1.217s] writing manifest file 'g1_controller.egg-info/SOURCES.txt'
[1.245s] reading manifest file 'g1_controller.egg-info/SOURCES.txt'
[1.246s] writing manifest file 'g1_controller.egg-info/SOURCES.txt'
[1.270s] Built target ament_cmake_python_build_g1_controller_egg
[1.279s] Invoked command in '/home/irman/Humanoid-VLA-Simulations/build/g1_controller' returned '0': AMENT_PREFIX_PATH=/home/irman/Humanoid-VLA-Simulations/install/joint_trajectory_controller:/home/irman/Humanoid-VLA-Simulations/install/joint_state_broadcaster:/home/irman/Humanoid-VLA-Simulations/install/controller_manager:/home/irman/Humanoid-VLA-Simulations/install/hardware_interface_testing:/home/irman/Humanoid-VLA-Simulations/install/controller_interface:/home/irman/Humanoid-VLA-Simulations/install/hardware_interface:/home/irman/Humanoid-VLA-Simulations/install/ros2_control_test_assets:/home/irman/Humanoid-VLA-Simulations/install/controller_manager_msgs:${AMENT_PREFIX_PATH} CMAKE_PREFIX_PATH=/home/irman/Humanoid-VLA-Simulations/install/joint_trajectory_controller:/home/irman/Humanoid-VLA-Simulations/install/joint_state_broadcaster:/home/irman/Humanoid-VLA-Simulations/install/controller_manager:/home/irman/Humanoid-VLA-Simulations/install/hardware_interface_testing:/home/irman/Humanoid-VLA-Simulations/install/controller_interface:/home/irman/Humanoid-VLA-Simulations/install/hardware_interface:/home/irman/Humanoid-VLA-Simulations/install/ros2_control_test_assets:/home/irman/Humanoid-VLA-Simulations/install/controller_manager_msgs:${CMAKE_PREFIX_PATH} CONDA_PROMPT_MODIFIER=(ros2_env) DEBUGINFOD_URLS=https://debuginfod.ubuntu.com LD_LIBRARY_PATH=/home/irman/Humanoid-VLA-Simulations/install/joint_trajectory_controller/lib:/home/irman/Humanoid-VLA-Simulations/install/joint_state_broadcaster/lib:/home/irman/Humanoid-VLA-Simulations/install/controller_manager/lib:/home/irman/Humanoid-VLA-Simulations/install/hardware_interface_testing/lib:/home/irman/Humanoid-VLA-Simulations/install/controller_interface/lib:/home/irman/Humanoid-VLA-Simulations/install/hardware_interface/lib:/home/irman/Humanoid-VLA-Simulations/install/controller_manager_msgs/lib:/home/irman/micromamba/envs/ros2_env/opt/rviz_ogre_vendor/lib:/home/irman/micromamba/envs/ros2_env/lib/gazebo-11/plugins:/home/irman/micromamba/envs/ros2_env/lib/gazebo-11/plugins:/home/irman/micromamba/envs/ros2_env/lib/gazebo-11/plugins:/home/irman/micromamba/envs/ros2_env/lib/gazebo-11/plugins:/home/irman/micromamba/envs/ros2_env/lib/gazebo-11/plugins PYTHONPATH=/home/irman/Humanoid-VLA-Simulations/install/controller_manager/lib/python3.11/site-packages:/home/irman/Humanoid-VLA-Simulations/install/controller_manager_msgs/lib/python3.11/site-packages:${PYTHONPATH} /home/irman/micromamba/envs/ros2_env/bin/cmake --build /home/irman/Humanoid-VLA-Simulations/build/g1_controller -- -j16 -l16
[1.286s] Invoking command in '/home/irman/Humanoid-VLA-Simulations/build/g1_controller': AMENT_PREFIX_PATH=/home/irman/Humanoid-VLA-Simulations/install/joint_trajectory_controller:/home/irman/Humanoid-VLA-Simulations/install/joint_state_broadcaster:/home/irman/Humanoid-VLA-Simulations/install/controller_manager:/home/irman/Humanoid-VLA-Simulations/install/hardware_interface_testing:/home/irman/Humanoid-VLA-Simulations/install/controller_interface:/home/irman/Humanoid-VLA-Simulations/install/hardware_interface:/home/irman/Humanoid-VLA-Simulations/install/ros2_control_test_assets:/home/irman/Humanoid-VLA-Simulations/install/controller_manager_msgs:${AMENT_PREFIX_PATH} CMAKE_PREFIX_PATH=/home/irman/Humanoid-VLA-Simulations/install/joint_trajectory_controller:/home/irman/Humanoid-VLA-Simulations/install/joint_state_broadcaster:/home/irman/Humanoid-VLA-Simulations/install/controller_manager:/home/irman/Humanoid-VLA-Simulations/install/hardware_interface_testing:/home/irman/Humanoid-VLA-Simulations/install/controller_interface:/home/irman/Humanoid-VLA-Simulations/install/hardware_interface:/home/irman/Humanoid-VLA-Simulations/install/ros2_control_test_assets:/home/irman/Humanoid-VLA-Simulations/install/controller_manager_msgs:${CMAKE_PREFIX_PATH} CONDA_PROMPT_MODIFIER=(ros2_env) DEBUGINFOD_URLS=https://debuginfod.ubuntu.com LD_LIBRARY_PATH=/home/irman/Humanoid-VLA-Simulations/install/joint_trajectory_controller/lib:/home/irman/Humanoid-VLA-Simulations/install/joint_state_broadcaster/lib:/home/irman/Humanoid-VLA-Simulations/install/controller_manager/lib:/home/irman/Humanoid-VLA-Simulations/install/hardware_interface_testing/lib:/home/irman/Humanoid-VLA-Simulations/install/controller_interface/lib:/home/irman/Humanoid-VLA-Simulations/install/hardware_interface/lib:/home/irman/Humanoid-VLA-Simulations/install/controller_manager_msgs/lib:/home/irman/micromamba/envs/ros2_env/opt/rviz_ogre_vendor/lib:/home/irman/micromamba/envs/ros2_env/lib/gazebo-11/plugins:/home/irman/micromamba/envs/ros2_env/lib/gazebo-11/plugins:/home/irman/micromamba/envs/ros2_env/lib/gazebo-11/plugins:/home/irman/micromamba/envs/ros2_env/lib/gazebo-11/plugins:/home/irman/micromamba/envs/ros2_env/lib/gazebo-11/plugins PYTHONPATH=/home/irman/Humanoid-VLA-Simulations/install/controller_manager/lib/python3.11/site-packages:/home/irman/Humanoid-VLA-Simulations/install/controller_manager_msgs/lib/python3.11/site-packages:${PYTHONPATH} /home/irman/micromamba/envs/ros2_env/bin/cmake --install /home/irman/Humanoid-VLA-Simulations/build/g1_controller
[1.290s] -- Install configuration: ""
[1.290s] -- Installing: /home/irman/Humanoid-VLA-Simulations/install/g1_controller/share/g1_controller/environment/pythonpath.sh
[1.290s] -- Installing: /home/irman/Humanoid-VLA-Simulations/install/g1_controller/share/g1_controller/environment/pythonpath.dsv
[1.290s] -- Installing: /home/irman/Humanoid-VLA-Simulations/install/g1_controller/lib/python3.11/site-packages/g1_controller-0.1.0-py3.11.egg-info
[1.291s] -- Installing: /home/irman/Humanoid-VLA-Simulations/install/g1_controller/lib/python3.11/site-packages/g1_controller-0.1.0-py3.11.egg-info/dependency_links.txt
[1.291s] -- Installing: /home/irman/Humanoid-VLA-Simulations/install/g1_controller/lib/python3.11/site-packages/g1_controller-0.1.0-py3.11.egg-info/SOURCES.txt
[1.291s] -- Installing: /home/irman/Humanoid-VLA-Simulations/install/g1_controller/lib/python3.11/site-packages/g1_controller-0.1.0-py3.11.egg-info/top_level.txt
[1.291s] -- Installing: /home/irman/Humanoid-VLA-Simulations/install/g1_controller/lib/python3.11/site-packages/g1_controller-0.1.0-py3.11.egg-info/PKG-INFO
[1.291s] -- Installing: /home/irman/Humanoid-VLA-Simulations/install/g1_controller/lib/python3.11/site-packages/g1_controller
[1.291s] -- Installing: /home/irman/Humanoid-VLA-Simulations/install/g1_controller/lib/python3.11/site-packages/g1_controller/__init__.py
[1.316s] Listing 'lib/python3.11/site-packages/g1_controller'...
[1.316s] Can't list 'lib/python3.11/site-packages/g1_controller'
[1.320s] -- Installing: /home/irman/Humanoid-VLA-Simulations/install/g1_controller/lib/g1_controller/stand_controller.py
[1.320s] -- Installing: /home/irman/Humanoid-VLA-Simulations/install/g1_controller/lib/g1_controller/zero_pose_controller.py
[1.320s] -- Installing: /home/irman/Humanoid-VLA-Simulations/install/g1_controller/lib/g1_controller/gui_controller.py
[1.321s] -- Installing: /home/irman/Humanoid-VLA-Simulations/install/g1_controller/lib/g1_controller/ros2_control_gui.py
[1.321s] -- Installing: /home/irman/Humanoid-VLA-Simulations/install/g1_controller/lib/g1_controller/wasd_controller.py
[1.321s] [31mCMake Error at cmake_install.cmake:70 (file):
[1.321s]   file INSTALL cannot find
[1.321s]   "/home/irman/Humanoid-VLA-Simulations/src/g1_controller/scripts/wasd_controller_v2.py":
[1.321s]   No such file or directory.
[1.321s] 
[1.321s] [0m
[1.323s] Invoked command in '/home/irman/Humanoid-VLA-Simulations/build/g1_controller' returned '1': AMENT_PREFIX_PATH=/home/irman/Humanoid-VLA-Simulations/install/joint_trajectory_controller:/home/irman/Humanoid-VLA-Simulations/install/joint_state_broadcaster:/home/irman/Humanoid-VLA-Simulations/install/controller_manager:/home/irman/Humanoid-VLA-Simulations/install/hardware_interface_testing:/home/irman/Humanoid-VLA-Simulations/install/controller_interface:/home/irman/Humanoid-VLA-Simulations/install/hardware_interface:/home/irman/Humanoid-VLA-Simulations/install/ros2_control_test_assets:/home/irman/Humanoid-VLA-Simulations/install/controller_manager_msgs:${AMENT_PREFIX_PATH} CMAKE_PREFIX_PATH=/home/irman/Humanoid-VLA-Simulations/install/joint_trajectory_controller:/home/irman/Humanoid-VLA-Simulations/install/joint_state_broadcaster:/home/irman/Humanoid-VLA-Simulations/install/controller_manager:/home/irman/Humanoid-VLA-Simulations/install/hardware_interface_testing:/home/irman/Humanoid-VLA-Simulations/install/controller_interface:/home/irman/Humanoid-VLA-Simulations/install/hardware_interface:/home/irman/Humanoid-VLA-Simulations/install/ros2_control_test_assets:/home/irman/Humanoid-VLA-Simulations/install/controller_manager_msgs:${CMAKE_PREFIX_PATH} CONDA_PROMPT_MODIFIER=(ros2_env) DEBUGINFOD_URLS=https://debuginfod.ubuntu.com LD_LIBRARY_PATH=/home/irman/Humanoid-VLA-Simulations/install/joint_trajectory_controller/lib:/home/irman/Humanoid-VLA-Simulations/install/joint_state_broadcaster/lib:/home/irman/Humanoid-VLA-Simulations/install/controller_manager/lib:/home/irman/Humanoid-VLA-Simulations/install/hardware_interface_testing/lib:/home/irman/Humanoid-VLA-Simulations/install/controller_interface/lib:/home/irman/Humanoid-VLA-Simulations/install/hardware_interface/lib:/home/irman/Humanoid-VLA-Simulations/install/controller_manager_msgs/lib:/home/irman/micromamba/envs/ros2_env/opt/rviz_ogre_vendor/lib:/home/irman/micromamba/envs/ros2_env/lib/gazebo-11/plugins:/home/irman/micromamba/envs/ros2_env/lib/gazebo-11/plugins:/home/irman/micromamba/envs/ros2_env/lib/gazebo-11/plugins:/home/irman/micromamba/envs/ros2_env/lib/gazebo-11/plugins:/home/irman/micromamba/envs/ros2_env/lib/gazebo-11/plugins PYTHONPATH=/home/irman/Humanoid-VLA-Simulations/install/controller_manager/lib/python3.11/site-packages:/home/irman/Humanoid-VLA-Simulations/install/controller_manager_msgs/lib/python3.11/site-packages:${PYTHONPATH} /home/irman/micromamba/envs/ros2_env/bin/cmake --install /home/irman/Humanoid-VLA-Simulations/build/g1_controller
